Component: ARM Compiler 5.06 update 4 (build 422) Tool: armlink [4d35d2]

==============================================================================

Section Cross References

    main.o(i.main) refers to main.o(i.p_all_init) for p_all_init
    main.o(i.main) refers to dhcp.o(i.do_dhcp) for do_dhcp
    main.o(i.main) refers to delay.o(i.delay_ms) for delay_ms
    main.o(i.main) refers to __2printf.o(.text) for __2printf
    main.o(i.main) refers to httputil.o(i.do_https) for do_https
    main.o(i.main) refers to netbios.o(i.do_netbios) for do_netbios
    main.o(i.main) refers to dhcp.o(.data) for dhcp_sign
    main.o(i.main) refers to httputil.o(.data) for reboot_flag
    main.o(i.p_all_init) refers to main.o(i.p_system_init) for p_system_init
    main.o(i.p_all_init) refers to w5500_conf.o(i.reset_w5500) for reset_w5500
    main.o(i.p_all_init) refers to w5500_conf.o(i.set_w5500_mac) for set_w5500_mac
    main.o(i.p_all_init) refers to w5500.o(i.socket_buf_init) for socket_buf_init
    main.o(i.p_all_init) refers to __2printf.o(.text) for __2printf
    main.o(i.p_all_init) refers to w5500.o(.data) for rxsize
    main.o(i.p_system_init) refers to misc.o(i.NVIC_PriorityGroupConfig) for NVIC_PriorityGroupConfig
    main.o(i.p_system_init) refers to delay.o(i.delay_init) for delay_init
    main.o(i.p_system_init) refers to usart.o(i.uart_init) for uart_init
    main.o(i.p_system_init) refers to timers.o(i.Timer2_Init_Config) for Timer2_Init_Config
    main.o(i.p_system_init) refers to w5500_conf.o(i.gpio_for_w5500_config) for gpio_for_w5500_config
    system_stm32f4xx.o(i.SystemCoreClockUpdate) refers to system_stm32f4xx.o(.data) for SystemCoreClock
    system_stm32f4xx.o(i.SystemInit) refers to system_stm32f4xx.o(i.SetSysClock) for SetSysClock
    socket.o(i.close) refers to w5500_conf.o(i.IINCHIP_WRITE) for IINCHIP_WRITE
    socket.o(i.close) refers to w5500_conf.o(i.IINCHIP_READ) for IINCHIP_READ
    socket.o(i.connect) refers to w5500_conf.o(i.IINCHIP_WRITE) for IINCHIP_WRITE
    socket.o(i.connect) refers to w5500_conf.o(i.IINCHIP_READ) for IINCHIP_READ
    socket.o(i.connect) refers to w5500.o(i.getSn_IR) for getSn_IR
    socket.o(i.disconnect) refers to w5500_conf.o(i.IINCHIP_WRITE) for IINCHIP_WRITE
    socket.o(i.disconnect) refers to w5500_conf.o(i.IINCHIP_READ) for IINCHIP_READ
    socket.o(i.listen) refers to w5500_conf.o(i.IINCHIP_READ) for IINCHIP_READ
    socket.o(i.listen) refers to w5500_conf.o(i.IINCHIP_WRITE) for IINCHIP_WRITE
    socket.o(i.recv) refers to w5500.o(i.recv_data_processing) for recv_data_processing
    socket.o(i.recv) refers to w5500_conf.o(i.IINCHIP_WRITE) for IINCHIP_WRITE
    socket.o(i.recv) refers to w5500_conf.o(i.IINCHIP_READ) for IINCHIP_READ
    socket.o(i.recvfrom) refers to w5500_conf.o(i.IINCHIP_READ) for IINCHIP_READ
    socket.o(i.recvfrom) refers to w5500_conf.o(i.wiz_read_buf) for wiz_read_buf
    socket.o(i.recvfrom) refers to w5500_conf.o(i.IINCHIP_WRITE) for IINCHIP_WRITE
    socket.o(i.recvfrom) refers to __2printf.o(.text) for __2printf
    socket.o(i.send) refers to w5500.o(i.getIINCHIP_TxMAX) for getIINCHIP_TxMAX
    socket.o(i.send) refers to w5500.o(i.getSn_TX_FSR) for getSn_TX_FSR
    socket.o(i.send) refers to w5500_conf.o(i.IINCHIP_READ) for IINCHIP_READ
    socket.o(i.send) refers to w5500.o(i.send_data_processing) for send_data_processing
    socket.o(i.send) refers to w5500_conf.o(i.IINCHIP_WRITE) for IINCHIP_WRITE
    socket.o(i.send) refers to __2printf.o(.text) for __2printf
    socket.o(i.send) refers to socket.o(i.close) for close
    socket.o(i.sendto) refers to w5500.o(i.getIINCHIP_TxMAX) for getIINCHIP_TxMAX
    socket.o(i.sendto) refers to w5500_conf.o(i.IINCHIP_WRITE) for IINCHIP_WRITE
    socket.o(i.sendto) refers to w5500.o(i.send_data_processing) for send_data_processing
    socket.o(i.sendto) refers to w5500_conf.o(i.IINCHIP_READ) for IINCHIP_READ
    socket.o(i.socket) refers to socket.o(i.close) for close
    socket.o(i.socket) refers to w5500_conf.o(i.IINCHIP_WRITE) for IINCHIP_WRITE
    socket.o(i.socket) refers to w5500_conf.o(i.IINCHIP_READ) for IINCHIP_READ
    socket.o(i.socket) refers to w5500_conf.o(.data) for local_port
    timers.o(i.Delay) refers to timers.o(.data) for Timer2_Counter
    timers.o(i.TIM2_IRQHandler) refers to stm32f4xx_tim.o(i.TIM_GetITStatus) for TIM_GetITStatus
    timers.o(i.TIM2_IRQHandler) refers to stm32f4xx_tim.o(i.TIM_ClearITPendingBit) for TIM_ClearITPendingBit
    timers.o(i.TIM2_IRQHandler) refers to timers.o(.data) for Timer2_Counter
    timers.o(i.Timer2_Init_Config) refers to misc.o(i.NVIC_Init) for NVIC_Init
    timers.o(i.Timer2_Init_Config) refers to stm32f4xx_rcc.o(i.RCC_APB1PeriphClockCmd) for RCC_APB1PeriphClockCmd
    timers.o(i.Timer2_Init_Config) refers to stm32f4xx_tim.o(i.TIM_TimeBaseInit) for TIM_TimeBaseInit
    timers.o(i.Timer2_Init_Config) refers to stm32f4xx_tim.o(i.TIM_ITConfig) for TIM_ITConfig
[...]
    .ARM.Collect$$libinit$$00000033          0x08000258   Section        2  libinit2.o(.ARM.Collect$$libinit$$00000033)
    .ARM.Collect$$libshutdown$$00000000      0x0800025a   Section        2  libshutdown.o(.ARM.Collect$$libshutdown$$00000000)
    .ARM.Collect$$libshutdown$$00000002      0x0800025c   Section        0  libshutdown2.o(.ARM.Collect$$libshutdown$$00000002)
    .ARM.Collect$$libshutdown$$00000004      0x0800025c   Section        0  libshutdown2.o(.ARM.Collect$$libshutdown$$00000004)
    .ARM.Collect$$libshutdown$$00000007      0x0800025c   Section        0  libshutdown2.o(.ARM.Collect$$libshutdown$$00000007)
    .ARM.Collect$$libshutdown$$0000000A      0x0800025c   Section        0  libshutdown2.o(.ARM.Collect$$libshutdown$$0000000A)
    .ARM.Collect$$libshutdown$$0000000C      0x0800025c   Section        0  libshutdown2.o(.ARM.Collect$$libshutdown$$0000000C)
    .ARM.Collect$$libshutdown$$0000000F      0x0800025c   Section        0  libshutdown2.o(.ARM.Collect$$libshutdown$$0000000F)
    .ARM.Collect$$libshutdown$$00000010      0x0800025c   Section        2  libshutdown2.o(.ARM.Collect$$libshutdown$$00000010)
    .ARM.Collect$$rtentry$$00000000          0x0800025e   Section        0  __rtentry.o(.ARM.Collect$$rtentry$$00000000)
    .ARM.Collect$$rtentry$$00000002          0x0800025e   Section        0  __rtentry2.o(.ARM.Collect$$rtentry$$00000002)
    .ARM.Collect$$rtentry$$00000004          0x0800025e   Section        6  __rtentry4.o(.ARM.Collect$$rtentry$$00000004)
    .ARM.Collect$$rtentry$$00000009          0x08000264   Section        0  __rtentry2.o(.ARM.Collect$$rtentry$$00000009)
    .ARM.Collect$$rtentry$$0000000A          0x08000264   Section        4  __rtentry2.o(.ARM.Collect$$rtentry$$0000000A)
    .ARM.Collect$$rtentry$$0000000C          0x08000268   Section        0  __rtentry2.o(.ARM.Collect$$rtentry$$0000000C)
    .ARM.Collect$$rtentry$$0000000D          0x08000268   Section        8  __rtentry2.o(.ARM.Collect$$rtentry$$0000000D)
    .ARM.Collect$$rtexit$$00000000           0x08000270   Section        2  rtexit.o(.ARM.Collect$$rtexit$$00000000)
    .ARM.Collect$$rtexit$$00000002           0x08000272   Section        0  rtexit2.o(.ARM.Collect$$rtexit$$00000002)
    .ARM.Collect$$rtexit$$00000003           0x08000272   Section        4  rtexit2.o(.ARM.Collect$$rtexit$$00000003)
    .ARM.Collect$$rtexit$$00000004           0x08000276   Section        6  rtexit2.o(.ARM.Collect$$rtexit$$00000004)
    .text                                    0x0800027c   Section       64  startup_stm32f40_41xxx.o(.text)
    $v0                                      0x0800027c   Number         0  startup_stm32f40_41xxx.o(.text)
    .text                                    0x080002bc   Section        2  use_no_semi_2.o(.text)
    .text                                    0x080002c0   Section        0  __2printf.o(.text)
    .text                                    0x080002d8   Section        0  __2sprintf.o(.text)
    .text                                    0x08000304   Section        0  _printf_pad.o(.text)
    .text                                    0x08000352   Section        0  _printf_str.o(.text)
    .text                                    0x080003a4   Section        0  _printf_dec.o(.text)
    .text                                    0x0800041c   Section        0  _printf_hex_int_ll_ptr.o(.text)
    _printf_hex_common                       0x0800041d   Thumb Code     0  _printf_hex_int_ll_ptr.o(.text)
    .text                                    0x080004b0   Section        0  __printf_flags_ss_wp.o(.text)
    .text                                    0x08000638   Section        0  strtok.o(.text)
    .text                                    0x08000644   Section        0  strstr.o(.text)
    .text                                    0x08000668   Section        0  memcmp.o(.text)
    .text                                    0x080006c0   Section        0  strcpy.o(.text)
    .text                                    0x08000708   Section        0  strlen.o(.text)
    .text                                    0x08000746   Section        0  strcat.o(.text)
    .text                                    0x0800075e   Section      138  rt_memcpy_v6.o(.text)
    .text                                    0x080007e8   Section       16  aeabi_memset.o(.text)
    .text                                    0x080007f8   Section       68  rt_memclr.o(.text)
    .text                                    0x0800083c   Section       78  rt_memclr_w.o(.text)
    .text                                    0x0800088a   Section       86  strncpy.o(.text)
    .text                                    0x080008e0   Section      128  strcmpv7m.o(.text)
    .text                                    0x08000960   Section        0  heapauxi.o(.text)
    .text                                    0x08000966   Section        2  use_no_semi.o(.text)
    .text                                    0x08000968   Section        0  _printf_intcommon.o(.text)
    .text                                    0x08000a1c   Section        0  _printf_char_common.o(.text)
    _printf_input_char                       0x08000a1d   Thumb Code    10  _printf_char_common.o(.text)
    .text                                    0x08000a4c   Section        0  _sputc.o(.text)
    .text                                    0x08000a56   Section        0  _printf_char.o(.text)
    .text                                    0x08000a84   Section        0  _printf_char_file.o(.text)
    .text                                    0x08000aa8   Section        0  strtok_int.o(.text)
    .text                                    0x08000aec   Section      100  rt_memcpy_w.o(.text)
    .text                                    0x08000b50   Section        0  ferror.o(.text)
    .text                                    0x08000b58   Section        0  strcspn.o(.text)
    .text                                    0x08000b78   Section        0  strspn.o(.text)
    .text                                    0x08000b94   Section       74  sys_stackheap_outer.o(.text)
    .text                                    0x08000bde   Section        0  exit.o(.text)
    .text                                    0x08000bf0   Section        8  libspace.o(.text)
    i.BusFault_Handler                       0x08000bf8   Section        0  stm32f4xx_it.o(i.BusFault_Handler)
    i.DebugMon_Handler                       0x08000bfc   Section        0  stm32f4xx_it.o(i.DebugMon_Handler)
    i.GPIO_Init                              0x08000bfe   Section        0  stm32f4xx_gpio.o(i.GPIO_Init)
    i.GPIO_PinAFConfig                       0x08000c8e   Section        0  stm32f4xx_gpio.o(i.GPIO_PinAFConfig)
    i.GPIO_ResetBits                         0x08000cd4   Section        0  stm32f4xx_gpio.o(i.GPIO_ResetBits)
    i.GPIO_SetBits                           0x08000cd8   Section        0  stm32f4xx_gpio.o(i.GPIO_SetBits)
    i.HardFault_Handler                      0x08000cdc   Section        0  stm32f4xx_it.o(i.HardFault_Handler)
    i.IINCHIP_READ                           0x08000ce0   Section        0  w5500_conf.o(i.IINCHIP_READ)
    i.IINCHIP_SpiSendData                    0x08000d12   Section        0  w5500_conf.o(i.IINCHIP_SpiSendData)
    i.IINCHIP_WRITE                          0x08000d1e   Section        0  w5500_conf.o(i.IINCHIP_WRITE)
    i.MemManage_Handler                      0x08000d50   Section        0  stm32f4xx_it.o(i.MemManage_Handler)
    i.NMI_Handler                            0x08000d54   Section        0  stm32f4xx_it.o(i.NMI_Handler)
    i.NVIC_Init                              0x08000d58   Section        0  misc.o(i.NVIC_Init)
    i.NVIC_PriorityGroupConfig               0x08000dd0   Section        0  misc.o(i.NVIC_PriorityGroupConfig)
    i.PendSV_Handler                         0x08000de4   Section        0  stm32f4xx_it.o(i.PendSV_Handler)
    i.RCC_AHB1PeriphClockCmd                 0x08000de8   Section        0  stm32f4xx_rcc.o(i.RCC_AHB1PeriphClockCmd)
    i.RCC_APB1PeriphClockCmd                 0x08000e08   Section        0  stm32f4xx_rcc.o(i.RCC_APB1PeriphClockCmd)
    i.RCC_APB2PeriphClockCmd                 0x08000e28   Section        0  stm32f4xx_rcc.o(i.RCC_APB2PeriphClockCmd)
    i.RCC_GetClocksFreq                      0x08000e48   Section        0  stm32f4xx_rcc.o(i.RCC_GetClocksFreq)
    i.SPI_Cmd                                0x08000f30   Section        0  stm32f4xx_spi.o(i.SPI_Cmd)
    i.SPI_I2S_GetFlagStatus                  0x08000f48   Section        0  stm32f4xx_spi.o(i.SPI_I2S_GetFlagStatus)
    i.SPI_I2S_ReceiveData                    0x08000f5a   Section        0  stm32f4xx_spi.o(i.SPI_I2S_ReceiveData)
    i.SPI_I2S_SendData                       0x08000f60   Section        0  stm32f4xx_spi.o(i.SPI_I2S_SendData)
    i.SPI_Init                               0x08000f64   Section        0  stm32f4xx_spi.o(i.SPI_Init)
    i.SPI_SendByte                           0x08000fa0   Section        0  w5500_conf.o(i.SPI_SendByte)
    i.SVC_Handler                            0x08000fd8   Section        0  stm32f4xx_it.o(i.SVC_Handler)
    i.SetSysClock                            0x08000fdc   Section        0  system_stm32f4xx.o(i.SetSysClock)
    SetSysClock                              0x08000fdd   Thumb Code   220  system_stm32f4xx.o(i.SetSysClock)
    i.SysTick_CLKSourceConfig                0x080010c8   Section        0  misc.o(i.SysTick_CLKSourceConfig)
    i.SysTick_Handler                        0x080010f0   Section        0  stm32f4xx_it.o(i.SysTick_Handler)
    i.SystemInit                             0x080010f4   Section        0  system_stm32f4xx.o(i.SystemInit)
    i.TIM2_IRQHandler                        0x0800115c   Section        0  timers.o(i.TIM2_IRQHandler)
    i.TIM_ClearITPendingBit                  0x080011bc   Section        0  stm32f4xx_tim.o(i.TIM_ClearITPendingBit)
    i.TIM_Cmd                                0x080011c2   Section        0  stm32f4xx_tim.o(i.TIM_Cmd)
    i.TIM_GetITStatus                        0x080011da   Section        0  stm32f4xx_tim.o(i.TIM_GetITStatus)
    i.TIM_ITConfig                           0x080011fc   Section        0  stm32f4xx_tim.o(i.TIM_ITConfig)
    i.TIM_TimeBaseInit                       0x08001210   Section        0  stm32f4xx_tim.o(i.TIM_TimeBaseInit)
    i.Timer2_Init_Config                     0x08001294   Section        0  timers.o(i.Timer2_Init_Config)
    i.USART1_IRQHandler                      0x080012f0   Section        0  usart.o(i.USART1_IRQHandler)
    i.USART_Cmd                              0x08001378   Section        0  stm32f4xx_usart.o(i.USART_Cmd)
    i.USART_GetITStatus                      0x08001390   Section        0  stm32f4xx_usart.o(i.USART_GetITStatus)
    i.USART_ITConfig                         0x080013e4   Section        0  stm32f4xx_usart.o(i.USART_ITConfig)
    i.USART_Init                             0x08001430   Section        0  stm32f4xx_usart.o(i.USART_Init)
    i.USART_ReceiveData                      0x08001504   Section        0  stm32f4xx_usart.o(i.USART_ReceiveData)
    i.UsageFault_Handler                     0x0800150e   Section        0  stm32f4xx_it.o(i.UsageFault_Handler)
    i._is_digit                              0x08001512   Section        0  __printf_wp.o(i._is_digit)
    i._sys_exit                              0x08001520   Section        0  usart.o(i._sys_exit)
    i.check_DHCP_Timeout                     0x08001524   Section        0  dhcp.o(i.check_DHCP_Timeout)
    i.check_DHCP_state                       0x080015a8   Section        0  dhcp.o(i.check_DHCP_state)
    i.check_leasedIP                         0x08001710   Section        0  dhcp.o(i.check_leasedIP)
    i.close                                  0x08001750   Section        0  socket.o(i.close)
    i.delay_init                             0x08001784   Section        0  delay.o(i.delay_init)
    i.delay_ms                               0x080017c0   Section        0  delay.o(i.delay_ms)
    i.delay_us                               0x080017f8   Section        0  delay.o(i.delay_us)
    i.delay_xms                              0x08001844   Section        0  delay.o(i.delay_xms)
    i.disconnect                             0x08001890   Section        0  socket.o(i.disconnect)
    i.do_dhcp                                0x080018b8   Section        0  dhcp.o(i.do_dhcp)
    i.do_https                               0x080019d0   Section        0  httputil.o(i.do_https)
    i.do_netbios                             0x08001b20   Section        0  netbios.o(i.do_netbios)
    i.fputc                                  0x08001d84   Section        0  usart.o(i.fputc)
    i.getGAR                                 0x08001da0   Section        0  w5500.o(i.getGAR)
    i.getIINCHIP_TxMAX                       0x08001db0   Section        0  w5500.o(i.getIINCHIP_TxMAX)
    i.getSIPR                                0x08001dc0   Section        0  w5500.o(i.getSIPR)
    i.getSUBR                                0x08001dd2   Section        0  w5500.o(i.getSUBR)
    i.getSn_IR                               0x08001de4   Section        0  w5500.o(i.getSn_IR)
    i.getSn_RX_RSR                           0x08001df6   Section        0  w5500.o(i.getSn_RX_RSR)
    i.getSn_SR                               0x08001e4a   Section        0  w5500.o(i.getSn_SR)
    i.getSn_TX_FSR                           0x08001e5c   Section        0  w5500.o(i.getSn_TX_FSR)
    i.gpio_for_w5500_config                  0x08001eb0   Section        0  w5500_conf.o(i.gpio_for_w5500_config)
    i.htonl                                  0x08001fc8   Section        0  utility.o(i.htonl)
    i.htons                                  0x08001fd4   Section        0  utility.o(i.htons)
    i.iinchip_csoff                          0x08001fe0   Section        0  w5500_conf.o(i.iinchip_csoff)
    i.iinchip_cson                           0x08001fea   Section        0  w5500_conf.o(i.iinchip_cson)
    i.iinchip_init                           0x08001ff4   Section        0  w5500.o(i.iinchip_init)
    i.init_dhcp_client                       0x08002000   Section        0  dhcp.o(i.init_dhcp_client)
    i.listen                                 0x080020a8   Section        0  socket.o(i.listen)
    i.main                                   0x080020e8   Section        0  main.o(i.main)
    i.make_basic_config_setting_json_callback 0x080021a0   Section        0  httputil.o(i.make_basic_config_setting_json_callback)
    make_basic_config_setting_json_callback  0x080021a1   Thumb Code   136  httputil.o(i.make_basic_config_setting_json_callback)
    i.make_cgi_response                      0x0800222c   Section        0  httputil.o(i.make_cgi_response)
    i.make_http_response_head                0x08002254   Section        0  http_server.o(i.make_http_response_head)
    i.mid                                    0x08002400   Section        0  utility.o(i.mid)
    i.netbios_name_decoding                  0x08002444   Section        0  netbios.o(i.netbios_name_decoding)
    netbios_name_decoding                    0x08002445   Thumb Code   126  netbios.o(i.netbios_name_decoding)
    i.ntohl                                  0x080024c2   Section        0  utility.o(i.ntohl)
    i.ntohs                                  0x080024ce   Section        0  utility.o(i.ntohs)
    i.p_all_init                             0x080024dc   Section        0  main.o(i.p_all_init)
    i.p_system_init                          0x0800251c   Section        0  main.o(i.p_system_init)
    i.parseDHCPMSG                           0x08002540   Section        0  dhcp.o(i.parseDHCPMSG)
    i.parse_http_request                     0x080026b0   Section        0  http_server.o(i.parse_http_request)
    i.proc_http                              0x08002778   Section        0  httputil.o(i.proc_http)
    i.recv                                   0x08002a40   Section        0  socket.o(i.recv)
    i.recv_data_processing                   0x08002a84   Section        0  w5500.o(i.recv_data_processing)
    i.recvfrom                               0x08002b18   Section        0  socket.o(i.recvfrom)
    i.reset_DHCP_time                        0x08002d18   Section        0  dhcp.o(i.reset_DHCP_time)
    i.reset_w5500                            0x08002d44   Section        0  w5500_conf.o(i.reset_w5500)
    i.send                                   0x08002d6c   Section        0  socket.o(i.send)
    i.send_DHCP_DISCOVER                     0x08002e58   Section        0  dhcp.o(i.send_DHCP_DISCOVER)
    i.send_DHCP_RELEASE_DECLINE              0x0800312c   Section        0  dhcp.o(i.send_DHCP_RELEASE_DECLINE)
    i.send_DHCP_REQUEST                      0x080033c8   Section        0  dhcp.o(i.send_DHCP_REQUEST)
    i.send_data_processing                   0x080037b8   Section        0  w5500.o(i.send_data_processing)
    i.sendto                                 0x0800384c   Section        0  socket.o(i.sendto)
    i.setGAR                                 0x08003958   Section        0  w5500.o(i.setGAR)
    i.setMR                                  0x08003968   Section        0  w5500.o(i.setMR)
    i.setSHAR                                0x08003976   Section        0  w5500.o(i.setSHAR)
    i.setSIPR                                0x08003988   Section        0  w5500.o(i.setSIPR)
    i.setSUBR                                0x0800399a   Section        0  w5500.o(i.setSUBR)
    i.setSn_IR                               0x080039ac   Section        0  w5500.o(i.setSn_IR)
    i.set_w5500_ip                           0x080039c4   Section        0  w5500_conf.o(i.set_w5500_ip)
    i.set_w5500_mac                          0x08003bb4   Section        0  w5500_conf.o(i.set_w5500_mac)
    i.socket                                 0x08003be0   Section        0  socket.o(i.socket)
    i.socket_buf_init                        0x08003ca4   Section        0  w5500.o(i.socket_buf_init)
    i.swapl                                  0x08003d2c   Section        0  utility.o(i.swapl)
    i.swaps                                  0x08003d48   Section        0  utility.o(i.swaps)
    i.uart_init                              0x08003d58   Section        0  usart.o(i.uart_init)
    i.wiz_cs                                 0x08003e04   Section        0  w5500_conf.o(i.wiz_cs)
    i.wiz_read_buf                           0x08003e28   Section        0  w5500_conf.o(i.wiz_read_buf)
    i.wiz_write_buf                          0x08003e90   Section        0  w5500_conf.o(i.wiz_write_buf)
    x$fpl$fpinit                             0x08003ef8   Section       10  fpinit.o(x$fpl$fpinit)
    $v0                                      0x08003ef8   Number         0  fpinit.o(x$fpl$fpinit)
    .constdata                               0x08003f04   Section      118  httputil.o(.constdata)
    .constdata                               0x08003f7a   Section       40  _printf_hex_int_ll_ptr.o(.constdata)
    uc_hextab                                0x08003f7a   Data          20  _printf_hex_int_ll_ptr.o(.constdata)
    lc_hextab                                0x08003f8e   Data          20  _printf_hex_int_ll_ptr.o(.constdata)
    .constdata                               0x08003fa2   Section       17  __printf_flags_ss_wp.o(.constdata)
    maptable                                 0x08003fa2   Data          17  __printf_flags_ss_wp.o(.constdata)
    .conststring                             0x08003fb4   Section        5  dhcp.o(.conststring)
    .conststring                             0x08003fbc   Section      147  http_server.o(.conststring)
    .conststring                             0x08004050   Section     2190  httputil.o(.conststring)
    .data                                    0x20000000   Section       17  timers.o(.data)
    .data                                    0x20000011   Section       16  w5500.o(.data)
    .data                                    0x20000022   Section       34  w5500_conf.o(.data)
    .data                                    0x20000044   Section        4  delay.o(.data)
    fac_us                                   0x20000044   Data           1  delay.o(.data)
    fac_ms                                   0x20000046   Data           2  delay.o(.data)
    .data                                    0x20000048   Section       16  stm32f4xx_rcc.o(.data)
    APBAHBPrescTable                         0x20000048   Data          16  stm32f4xx_rcc.o(.data)
    .data                                    0x20000058   Section        6  usart.o(.data)
    .data                                    0x20000060   Section       65  dhcp.o(.data)
    .data                                    0x200000a1   Section     1461  httputil.o(.data)
    .data                                    0x20000658   Section        4  strtok.o(.data)
    _strtok_saves1                           0x20000658   Data           4  strtok.o(.data)
    .bss                                     0x2000065c   Section       32  w5500.o(.bss)
    .bss                                     0x2000067c   Section     1070  w5500_conf.o(.bss)
    .bss                                     0x20000aaa   Section      200  usart.o(.bss)
    .bss                                     0x20000b72   Section     1024  netbios.o(.bss)
    .bss                                     0x20000f72   Section     1046  dhcp.o(.bss)
    .bss                                     0x20001388   Section     3944  http_server.o(.bss)
    .bss                                     0x200022f0   Section       96  libspace.o(.bss)
    HEAP                                     0x20002350   Section      512  startup_stm32f40_41xxx.o(HEAP)
    Heap_Mem                                 0x20002350   Data         512  startup_stm32f40_41xxx.o(HEAP)
    STACK                                    0x20002550   Section     1024  startup_stm32f40_41xxx.o(STACK)
    Stack_Mem                                0x20002550   Data        1024  startup_stm32f40_41xxx.o(STACK)
    __initial_sp                             0x20002950   Data           0  startup_stm32f40_41xxx.o(STACK)

    Global Symbols

    Symbol Name                              Value     Ov Type        Size  Object(Section)

    BuildAttributes$$THM_ISAv4$E$P$D$K$B$S$7EM$VFPi3$EXTD16$VFPS$VFMA$PE$A:L22UL41UL21$X:L11$S22US41US21$IEEE1$IW$USESV6$~STKCKD$USESV7$~SHL$OTIME$ROPI$IEEEJ$EBA8$UX$STANDARDLIB$REQ8$PRES8$EABIv2 0x00000000   Number         0  anon$$obj.o ABSOLUTE
    __ARM_use_no_argv                        0x00000000   Number         0  main.o ABSOLUTE
    _printf_flags                            0x00000000   Number         0  printf_stubs.o ABSOLUTE
    _printf_return_value                     0x00000000   Number         0  printf_stubs.o ABSOLUTE
    _printf_sizespec                         0x00000000   Number         0  printf_stubs.o ABSOLUTE
    _printf_widthprec                        0x00000000   Number         0  printf_stubs.o ABSOLUTE
    __ARM_exceptions_init                     - Undefined Weak Reference
    __alloca_initialize                       - Undefined Weak Reference
    __arm_preinit_                            - Undefined Weak Reference
    __cpp_initialize__aeabi_                  - Undefined Weak Reference
    __cxa_finalize                            - Undefined Weak Reference
    __sigvec_lookup                           - Undefined Weak Reference
    _atexit_init                              - Undefined Weak Reference
    _call_atexit_fns                          - Undefined Weak Reference
    _clock_init                               - Undefined Weak Reference
    _fp_trap_init                             - Undefined Weak Reference
    _fp_trap_shutdown                         - Undefined Weak Reference
    _get_lc_collate                           - Undefined Weak Reference
    _get_lc_monetary                          - Undefined Weak Reference
    _get_lc_time                              - Undefined Weak Reference
    _getenv_init                              - Undefined Weak Reference
    _handle_redirection                       - Undefined Weak Reference
    _init_alloc                               - Undefined Weak Reference
    _init_user_alloc                          - Undefined Weak Reference
    _initio                                   - Undefined Weak Reference
    _mutex_acquire                            - Undefined Weak Reference
    _mutex_release                            - Undefined Weak Reference
    _printf_mbtowc                            - Undefined Weak Reference
    _printf_wc                                - Undefined Weak Reference
    _rand_init                                - Undefined Weak Reference
    _signal_finish                            - Undefined Weak Reference
    _signal_init                              - Undefined Weak Reference
    _terminate_alloc                          - Undefined Weak Reference
    _terminate_user_alloc                     - Undefined Weak Reference
    _terminateio                              - Undefined Weak Reference
    __Vectors_Size                           0x00000188   Number         0  startup_stm32f40_41xxx.o ABSOLUTE
    __Vectors                                0x08000000   Data           4  startup_stm32f40_41xxx.o(RESET)
    __Vectors_End                            0x08000188   Data           0  startup_stm32f40_41xxx.o(RESET)
    __main                                   0x08000189   Thumb Code     8  __main.o(!!!main)
    __scatterload                            0x08000191   Thumb Code     0  __scatter.o(!!!scatter)
    __scatterload_rt2                        0x08000191   Thumb Code    44  __scatter.o(!!!scatter)
    __scatterload_rt2_thumb_only             0x08000191   Thumb Code     0  __scatter.o(!!!scatter)
    __scatterload_null                       0x0800019f   Thumb Code     0  __scatter.o(!!!scatter)
    __decompress                             0x080001c5   Thumb Code    90  __dczerorl2.o(!!dczerorl2)
    __decompress1                            0x080001c5   Thumb Code     0  __dczerorl2.o(!!dczerorl2)
    __scatterload_zeroinit                   0x08000221   Thumb Code    28  __scatter_zi.o(!!handler_zi)
    _printf_d                                0x0800023d   Thumb Code     0  _printf_d.o(.ARM.Collect$$_printf_percent$$00000009)
    _printf_percent                          0x0800023d   Thumb Code     0  _printf_percent.o(.ARM.Collect$$_printf_percent$$00000000)
    _printf_x                                0x08000243   Thumb Code     0  _printf_x.o(.ARM.Collect$$_printf_percent$$0000000C)
    _printf_s                                0x08000249   Thumb Code     0  _printf_s.o(.ARM.Collect$$_printf_percent$$00000014)
    _printf_percent_end                      0x0800024f   Thumb Code     0  _printf_percent_end.o(.ARM.Collect$$_printf_percent$$00000017)
    __rt_lib_init                            0x08000253   Thumb Code     0  libinit.o(.ARM.Collect$$libinit$$00000000)
    __rt_lib_init_fp_1                       0x08000255   Thumb Code     0  libinit2.o(.ARM.Collect$$libinit$$00000001)
    __rt_lib_init_alloca_1                   0x08000259   Thumb Code     0  libinit2.o(.ARM.Collect$$libinit$$0000002E)
    __rt_lib_init_argv_1                     0x08000259   Thumb Code     0  libinit2.o(.ARM.Collect$$libinit$$0000002C)
    __rt_lib_init_atexit_1                   0x08000259   Thumb Code     0  libinit2.o(.ARM.Collect$$libinit$$0000001B)
    __rt_lib_init_clock_1                    0x08000259   Thumb Code     0  libinit2.o(.ARM.Collect$$libinit$$00000021)
    __rt_lib_init_cpp_1                      0x08000259   Thumb Code     0  libinit2.o(.ARM.Collect$$libinit$$00000032)
    __rt_lib_init_exceptions_1               0x08000259   Thumb Code     0  libinit2.o(.ARM.Collect$$libinit$$00000030)
    __rt_lib_init_fp_trap_1                  0x08000259   Thumb Code     0  libinit2.o(.ARM.Collect$$libinit$$0000001F)
    __rt_lib_init_getenv_1                   0x08000259   Thumb Code     0  libinit2.o(.ARM.Collect$$libinit$$00000023)
    __rt_lib_init_heap_1                     0x08000259   Thumb Code     0  libinit2.o(.ARM.Collect$$libinit$$0000000A)
    __rt_lib_init_lc_collate_1               0x08000259   Thumb Code     0  libinit2.o(.ARM.Collect$$libinit$$00000011)
    __rt_lib_init_lc_ctype_1                 0x08000259   Thumb Code     0  libinit2.o(.ARM.Collect$$libinit$$00000013)
    __rt_lib_init_lc_monetary_1              0x08000259   Thumb Code     0  libinit2.o(.ARM.Collect$$libinit$$00000015)
    __rt_lib_init_lc_numeric_1               0x08000259   Thumb Code     0  libinit2.o(.ARM.Collect$$libinit$$00000017)
    __rt_lib_init_lc_time_1                  0x08000259   Thumb Code     0  libinit2.o(.ARM.Collect$$libinit$$00000019)
    __rt_lib_init_preinit_1                  0x08000259   Thumb Code     0  libinit2.o(.ARM.Collect$$libinit$$00000004)
    __rt_lib_init_rand_1                     0x08000259   Thumb Code     0  libinit2.o(.ARM.Collect$$libinit$$0000000E)
    __rt_lib_init_return                     0x08000259   Thumb Code     0  libinit2.o(.ARM.Collect$$libinit$$00000033)
    __rt_lib_init_signal_1                   0x08000259   Thumb Code     0  libinit2.o(.ARM.Collect$$libinit$$0000001D)
    __rt_lib_init_stdio_1                    0x08000259   Thumb Code     0  libinit2.o(.ARM.Collect$$libinit$$00000025)
    __rt_lib_init_user_alloc_1               0x08000259   Thumb Code     0  libinit2.o(.ARM.Collect$$libinit$$0000000C)
    __rt_lib_shutdown                        0x0800025b   Thumb Code     0  libshutdown.o(.ARM.Collect$$libshutdown$$00000000)
    __rt_lib_shutdown_cpp_1                  0x0800025d   Thumb Code     0  libshutdown2.o(.ARM.Collect$$libshutdown$$00000002)
    __rt_lib_shutdown_fp_trap_1              0x0800025d   Thumb Code     0  libshutdown2.o(.ARM.Collect$$libshutdown$$00000007)
    __rt_lib_shutdown_heap_1                 0x0800025d   Thumb Code     0  libshutdown2.o(.ARM.Collect$$libshutdown$$0000000F)
    __rt_lib_shutdown_return                 0x0800025d   Thumb Code     0  libshutdown2.o(.ARM.Collect$$libshutdown$$00000010)
    __rt_lib_shutdown_signal_1               0x0800025d   Thumb Code     0  libshutdown2.o(.ARM.Collect$$libshutdown$$0000000A)
    __rt_lib_shutdown_stdio_1                0x0800025d   Thumb Code     0  libshutdown2.o(.ARM.Collect$$libshutdown$$00000004)
    __rt_lib_shutdown_user_alloc_1           0x0800025d   Thumb Code     0  libshutdown2.o(.ARM.Collect$$libshutdown$$0000000C)
    __rt_entry                               0x0800025f   Thumb Code     0  __rtentry.o(.ARM.Collect$$rtentry$$00000000)
    __rt_entry_presh_1                       0x0800025f   Thumb Code     0  __rtentry2.o(.ARM.Collect$$rtentry$$00000002)
    __rt_entry_sh                            0x0800025f   Thumb Code     0  __rtentry4.o(.ARM.Collect$$rtentry$$00000004)
    __rt_entry_li                            0x08000265   Thumb Code     0  __rtentry2.o(.ARM.Collect$$rtentry$$0000000A)
    __rt_entry_postsh_1                      0x08000265   Thumb Code     0  __rtentry2.o(.ARM.Collect$$rtentry$$00000009)
    __rt_entry_main                          0x08000269   Thumb Code     0  __rtentry2.o(.ARM.Collect$$rtentry$$0000000D)
    __rt_entry_postli_1                      0x08000269   Thumb Code     0  __rtentry2.o(.ARM.Collect$$rtentry$$0000000C)
    __rt_exit                                0x08000271   Thumb Code     0  rtexit.o(.ARM.Collect$$rtexit$$00000000)
    __rt_exit_ls                             0x08000273   Thumb Code     0  rtexit2.o(.ARM.Collect$$rtexit$$00000003)
    __rt_exit_prels_1                        0x08000273   Thumb Code     0  rtexit2.o(.ARM.Collect$$rtexit$$00000002)
    __rt_exit_exit                           0x08000277   Thumb Code     0  rtexit2.o(.ARM.Collect$$rtexit$$00000004)
    Reset_Handler                            0x0800027d   Thumb Code     8  startup_stm32f40_41xxx.o(.text)
    ADC_IRQHandler                           0x08000297   Thumb Code     0  startup_stm32f40_41xxx.o(.text)
    CAN1_RX0_IRQHandler                      0x08000297   Thumb Code     0  startup_stm32f40_41xxx.o(.text)
    CAN1_RX1_IRQHandler                      0x08000297   Thumb Code     0  startup_stm32f40_41xxx.o(.text)
    CAN1_SCE_IRQHandler                      0x08000297   Thumb Code     0  startup_stm32f40_41xxx.o(.text)
    CAN1_TX_IRQHandler                       0x08000297   Thumb Code     0  startup_stm32f40_41xxx.o(.text)
    CAN2_RX0_IRQHandler                      0x08000297   Thumb Code     0  startup_stm32f40_41xxx.o(.text)
    CAN2_RX1_IRQHandler                      0x08000297   Thumb Code     0  startup_stm32f40_41xxx.o(.text)
    CAN2_SCE_IRQHandler                      0x08000297   Thumb Code     0  startup_stm32f40_41xxx.o(.text)
    CAN2_TX_IRQHandler                       0x08000297   Thumb Code     0  startup_stm32f40_41xxx.o(.text)
    CRYP_IRQHandler                          0x08000297   Thumb Code     0  startup_stm32f40_41xxx.o(.text)
    DCMI_IRQHandler                          0x08000297   Thumb Code     0  startup_stm32f40_41xxx.o(.text)
    DMA1_Stream0_IRQHandler                  0x08000297   Thumb Code     0  startup_stm32f40_41xxx.o(.text)
    DMA1_Stream1_IRQHandler                  0x08000297   Thumb Code     0  startup_stm32f40_41xxx.o(.text)
    DMA1_Stream2_IRQHandler                  0x08000297   Thumb Code     0  startup_stm32f40_41xxx.o(.text)
    DMA1_Stream3_IRQHandler                  0x08000297   Thumb Code     0  startup_stm32f40_41xxx.o(.text)
    DMA1_Stream4_IRQHandler                  0x08000297   Thumb Code     0  startup_stm32f40_41xxx.o(.text)
    DMA1_Stream5_IRQHandler                  0x08000297   Thumb Code     0  startup_stm32f40_41xxx.o(.text)
    DMA1_Stream6_IRQHandler                  0x08000297   Thumb Code     0  startup_stm32f40_41xxx.o(.text)
    DMA1_Stream7_IRQHandler                  0x08000297   Thumb Code     0  startup_stm32f40_41xxx.o(.text)
    DMA2_Stream0_IRQHandler                  0x08000297   Thumb Code     0  startup_stm32f40_41xxx.o(.text)
    DMA2_Stream1_IRQHandler                  0x08000297   Thumb Code     0  startup_stm32f40_41xxx.o(.text)
    DMA2_Stream2_IRQHandler                  0x08000297   Thumb Code     0  startup_stm32f40_41xxx.o(.text)
    DMA2_Stream3_IRQHandler                  0x08000297   Thumb Code     0  startup_stm32f40_41xxx.o(.text)
    DMA2_Stream4_IRQHandler                  0x08000297   Thumb Code     0  startup_stm32f40_41xxx.o(.text)
    DMA2_Stream5_IRQHandler                  0x08000297   Thumb Code     0  startup_stm32f40_41xxx.o(.text)
    DMA2_Stream6_IRQHandler                  0x08000297   Thumb Code     0  startup_stm32f40_41xxx.o(.text)
    DMA2_Stream7_IRQHandler                  0x08000297   Thumb Code     0  startup_stm32f40_41xxx.o(.text)
    ETH_IRQHandler                           0x08000297   Thumb Code     0  startup_stm32f40_41xxx.o(.text)
    ETH_WKUP_IRQHandler                      0x08000297   Thumb Code     0  startup_stm32f40_41xxx.o(.text)
    EXTI0_IRQHandler                         0x08000297   Thumb Code     0  startup_stm32f40_41xxx.o(.text)
    EXTI15_10_IRQHandler                     0x08000297   Thumb Code     0  startup_stm32f40_41xxx.o(.text)
    EXTI1_IRQHandler                         0x08000297   Thumb Code     0  startup_stm32f40_41xxx.o(.text)
    EXTI2_IRQHandler                         0x08000297   Thumb Code     0  startup_stm32f40_41xxx.o(.text)
    EXTI3_IRQHandler                         0x08000297   Thumb Code     0  startup_stm32f40_41xxx.o(.text)
    EXTI4_IRQHandler                         0x08000297   Thumb Code     0  startup_stm32f40_41xxx.o(.text)
    EXTI9_5_IRQHandler                       0x08000297   Thumb Code     0  startup_stm32f40_41xxx.o(.text)
    FLASH_IRQHandler                         0x08000297   Thumb Code     0  startup_stm32f40_41xxx.o(.text)
    FPU_IRQHandler                           0x08000297   Thumb Code     0  startup_stm32f40_41xxx.o(.text)
    FSMC_IRQHandler                          0x08000297   Thumb Code     0  startup_stm32f40_41xxx.o(.text)
    HASH_RNG_IRQHandler                      0x08000297   Thumb Code     0  startup_stm32f40_41xxx.o(.text)
    I2C1_ER_IRQHandler                       0x08000297   Thumb Code     0  startup_stm32f40_41xxx.o(.text)
    I2C1_EV_IRQHandler                       0x08000297   Thumb Code     0  startup_stm32f40_41xxx.o(.text)
    I2C2_ER_IRQHandler                       0x08000297   Thumb Code     0  startup_stm32f40_41xxx.o(.text)
    I2C2_EV_IRQHandler                       0x08000297   Thumb Code     0  startup_stm32f40_41xxx.o(.text)
    I2C3_ER_IRQHandler                       0x08000297   Thumb Code     0  startup_stm32f40_41xxx.o(.text)
    I2C3_EV_IRQHandler                       0x08000297   Thumb Code     0  startup_stm32f40_41xxx.o(.text)
    OTG_FS_IRQHandler                        0x08000297   Thumb Code     0  startup_stm32f40_41xxx.o(.text)
    OTG_FS_WKUP_IRQHandler                   0x08000297   Thumb Code     0  startup_stm32f40_41xxx.o(.text)
    OTG_HS_EP1_IN_IRQHandler                 0x08000297   Thumb Code     0  startup_stm32f40_41xxx.o(.text)
    OTG_HS_EP1_OUT_IRQHandler                0x08000297   Thumb Code     0  startup_stm32f40_41xxx.o(.text)
    OTG_HS_IRQHandler                        0x08000297   Thumb Code     0  startup_stm32f40_41xxx.o(.text)
    OTG_HS_WKUP_IRQHandler                   0x08000297   Thumb Code     0  startup_stm32f40_41xxx.o(.text)
    PVD_IRQHandler                           0x08000297   Thumb Code     0  startup_stm32f40_41xxx.o(.text)
    RCC_IRQHandler                           0x08000297   Thumb Code     0  startup_stm32f40_41xxx.o(.text)
    RTC_Alarm_IRQHandler                     0x08000297   Thumb Code     0  startup_stm32f40_41xxx.o(.text)
    RTC_WKUP_IRQHandler                      0x08000297   Thumb Code     0  startup_stm32f40_41xxx.o(.text)
    SDIO_IRQHandler                          0x08000297   Thumb Code     0  startup_stm32f40_41xxx.o(.text)
    SPI1_IRQHandler                          0x08000297   Thumb Code     0  startup_stm32f40_41xxx.o(.text)
    SPI2_IRQHandler                          0x08000297   Thumb Code     0  startup_stm32f40_41xxx.o(.text)
    SPI3_IRQHandler                          0x08000297   Thumb Code     0  startup_stm32f40_41xxx.o(.text)
    TAMP_STAMP_IRQHandler                    0x08000297   Thumb Code     0  startup_stm32f40_41xxx.o(.text)
    TIM1_BRK_TIM9_IRQHandler                 0x08000297   Thumb Code     0  startup_stm32f40_41xxx.o(.text)
    TIM1_CC_IRQHandler                       0x08000297   Thumb Code     0  startup_stm32f40_41xxx.o(.text)
    TIM1_TRG_COM_TIM11_IRQHandler            0x08000297   Thumb Code     0  startup_stm32f40_41xxx.o(.text)
    TIM1_UP_TIM10_IRQHandler                 0x08000297   Thumb Code     0  startup_stm32f40_41xxx.o(.text)
    TIM3_IRQHandler                          0x08000297   Thumb Code     0  startup_stm32f40_41xxx.o(.text)
    TIM4_IRQHandler                          0x08000297   Thumb Code     0  startup_stm32f40_41xxx.o(.text)
    TIM5_IRQHandler                          0x08000297   Thumb Code     0  startup_stm32f40_41xxx.o(.text)
    TIM6_DAC_IRQHandler                      0x08000297   Thumb Code     0  startup_stm32f40_41xxx.o(.text)
    TIM7_IRQHandler                          0x08000297   Thumb Code     0  startup_stm32f40_41xxx.o(.text)
    TIM8_BRK_TIM12_IRQHandler                0x08000297   Thumb Code     0  startup_stm32f40_41xxx.o(.text)
    TIM8_CC_IRQHandler                       0x08000297   Thumb Code     0  startup_stm32f40_41xxx.o(.text)
    TIM8_TRG_COM_TIM14_IRQHandler            0x08000297   Thumb Code     0  startup_stm32f40_41xxx.o(.text)
    TIM8_UP_TIM13_IRQHandler                 0x08000297   Thumb Code     0  startup_stm32f40_41xxx.o(.text)
    UART4_IRQHandler                         0x08000297   Thumb Code     0  startup_stm32f40_41xxx.o(.text)
    UART5_IRQHandler                         0x08000297   Thumb Code     0  startup_stm32f40_41xxx.o(.text)
    USART2_IRQHandler                        0x08000297   Thumb Code     0  startup_stm32f40_41xxx.o(.text)
    USART3_IRQHandler                        0x08000297   Thumb Code     0  startup_stm32f40_41xxx.o(.text)
    USART6_IRQHandler                        0x08000297   Thumb Code     0  startup_stm32f40_41xxx.o(.text)
    WWDG_IRQHandler                          0x08000297   Thumb Code     0  startup_stm32f40_41xxx.o(.text)
    __user_initial_stackheap                 0x08000299   Thumb Code     0  startup_stm32f40_41xxx.o(.text)
    __use_no_semihosting                     0x080002bd   Thumb Code     2  use_no_semi_2.o(.text)
    __2printf                                0x080002c1   Thumb Code    20  __2printf.o(.text)
    __2sprintf                               0x080002d9   Thumb Code    38  __2sprintf.o(.text)
    _printf_pre_padding                      0x08000305   Thumb Code    44  _printf_pad.o(.text)
    _printf_post_padding                     0x08000331   Thumb Code    34  _printf_pad.o(.text)
    _printf_str                              0x08000353   Thumb Code    82  _printf_str.o(.text)
    _printf_int_dec                          0x080003a5   Thumb Code   104  _printf_dec.o(.text)
    _printf_longlong_hex                     0x0800041d   Thumb Code    86  _printf_hex_int_ll_ptr.o(.text)
    _printf_int_hex                          0x08000473   Thumb Code    28  _printf_hex_int_ll_ptr.o(.text)
    _printf_ll_hex                           0x0800048f   Thumb Code    12  _printf_hex_int_ll_ptr.o(.text)
    _printf_hex_ptr                          0x0800049b   Thumb Code    18  _printf_hex_int_ll_ptr.o(.text)
    __printf                                 0x080004b1   Thumb Code   388  __printf_flags_ss_wp.o(.text)
    strtok                                   0x08000639   Thumb Code     6  strtok.o(.text)
    strstr                                   0x08000645   Thumb Code    36  strstr.o(.text)
    memcmp                                   0x08000669   Thumb Code    88  memcmp.o(.text)
    strcpy                                   0x080006c1   Thumb Code    72  strcpy.o(.text)
    strlen                                   0x08000709   Thumb Code    62  strlen.o(.text)
    strcat                                   0x08000747   Thumb Code    24  strcat.o(.text)
    __aeabi_memcpy                           0x0800075f   Thumb Code     0  rt_memcpy_v6.o(.text)
    __rt_memcpy                              0x0800075f   Thumb Code   138  rt_memcpy_v6.o(.text)
    _memcpy_lastbytes                        0x080007c5   Thumb Code     0  rt_memcpy_v6.o(.text)
    __aeabi_memset                           0x080007e9   Thumb Code    16  aeabi_memset.o(.text)
    __aeabi_memclr                           0x080007f9   Thumb Code     0  rt_memclr.o(.text)
    __rt_memclr                              0x080007f9   Thumb Code    68  rt_memclr.o(.text)
    _memset                                  0x080007fd   Thumb Code     0  rt_memclr.o(.text)
    __aeabi_memclr4                          0x0800083d   Thumb Code     0  rt_memclr_w.o(.text)
    __aeabi_memclr8                          0x0800083d   Thumb Code     0  rt_memclr_w.o(.text)
    __rt_memclr_w                            0x0800083d   Thumb Code    78  rt_memclr_w.o(.text)
    _memset_w                                0x08000841   Thumb Code     0  rt_memclr_w.o(.text)
    strncpy                                  0x0800088b   Thumb Code    86  strncpy.o(.text)
    strcmp                                   0x080008e1   Thumb Code   128  strcmpv7m.o(.text)
    __use_two_region_memory                  0x08000961   Thumb Code     2  heapauxi.o(.text)
    __rt_heap_escrow$2region                 0x08000963   Thumb Code     2  heapauxi.o(.text)
    __rt_heap_expand$2region                 0x08000965   Thumb Code     2  heapauxi.o(.text)
    __I$use$semihosting                      0x08000967   Thumb Code     0  use_no_semi.o(.text)
    __use_no_semihosting_swi                 0x08000967   Thumb Code     2  use_no_semi.o(.text)
    _printf_int_common                       0x08000969   Thumb Code   178  _printf_intcommon.o(.text)
    _printf_char_common                      0x08000a27   Thumb Code    32  _printf_char_common.o(.text)
    _sputc                                   0x08000a4d   Thumb Code    10  _sputc.o(.text)
    _printf_cs_common                        0x08000a57   Thumb Code    20  _printf_char.o(.text)
    _printf_char                             0x08000a6b   Thumb Code    16  _printf_char.o(.text)
    _printf_string                           0x08000a7b   Thumb Code     8  _printf_char.o(.text)
    _printf_char_file                        0x08000a85   Thumb Code    32  _printf_char_file.o(.text)
    __strtok_internal                        0x08000aa9   Thumb Code    64  strtok_int.o(.text)
    __aeabi_memcpy4                          0x08000aed   Thumb Code     0  rt_memcpy_w.o(.text)
    __aeabi_memcpy8                          0x08000aed   Thumb Code     0  rt_memcpy_w.o(.text)
    __rt_memcpy_w                            0x08000aed   Thumb Code   100  rt_memcpy_w.o(.text)
    _memcpy_lastbytes_aligned                0x08000b35   Thumb Code     0  rt_memcpy_w.o(.text)
    ferror                                   0x08000b51   Thumb Code     8  ferror.o(.text)
    strcspn                                  0x08000b59   Thumb Code    32  strcspn.o(.text)
    strspn                                   0x08000b79   Thumb Code    28  strspn.o(.text)
    __user_setup_stackheap                   0x08000b95   Thumb Code    74  sys_stackheap_outer.o(.text)
    exit                                     0x08000bdf   Thumb Code    18  exit.o(.text)
    __user_libspace                          0x08000bf1   Thumb Code     8  libspace.o(.text)
    __user_perproc_libspace                  0x08000bf1   Thumb Code     0  libspace.o(.text)
    __user_perthread_libspace                0x08000bf1   Thumb Code     0  libspace.o(.text)
    BusFault_Handler                         0x08000bf9   Thumb Code     4  stm32f4xx_it.o(i.BusFault_Handler)
    DebugMon_Handler                         0x08000bfd   Thumb Code     2  stm32f4xx_it.o(i.DebugMon_Handler)
    GPIO_Init                                0x08000bff   Thumb Code   144  stm32f4xx_gpio.o(i.GPIO_Init)
    GPIO_PinAFConfig                         0x08000c8f   Thumb Code    70  stm32f4xx_gpio.o(i.GPIO_PinAFConfig)
    GPIO_ResetBits                           0x08000cd5   Thumb Code     4  stm32f4xx_gpio.o(i.GPIO_ResetBits)
    GPIO_SetBits                             0x08000cd9   Thumb Code     4  stm32f4xx_gpio.o(i.GPIO_SetBits)
    HardFault_Handler                        0x08000cdd   Thumb Code     4  stm32f4xx_it.o(i.HardFault_Handler)
    IINCHIP_READ                             0x08000ce1   Thumb Code    50  w5500_conf.o(i.IINCHIP_READ)
    IINCHIP_SpiSendData                      0x08000d13   Thumb Code    12  w5500_conf.o(i.IINCHIP_SpiSendData)
    IINCHIP_WRITE                            0x08000d1f   Thumb Code    50  w5500_conf.o(i.IINCHIP_WRITE)
    MemManage_Handler                        0x08000d51   Thumb Code     4  stm32f4xx_it.o(i.MemManage_Handler)
    NMI_Handler                              0x08000d55   Thumb Code     2  stm32f4xx_it.o(i.NMI_Handler)
    NVIC_Init                                0x08000d59   Thumb Code   106  misc.o(i.NVIC_Init)
    NVIC_PriorityGroupConfig                 0x08000dd1   Thumb Code    10  misc.o(i.NVIC_PriorityGroupConfig)
    PendSV_Handler                           0x08000de5   Thumb Code     2  stm32f4xx_it.o(i.PendSV_Handler)
    RCC_AHB1PeriphClockCmd                   0x08000de9   Thumb Code    26  stm32f4xx_rcc.o(i.RCC_AHB1PeriphClockCmd)
    RCC_APB1PeriphClockCmd                   0x08000e09   Thumb Code    26  stm32f4xx_rcc.o(i.RCC_APB1PeriphClockCmd)
    RCC_APB2PeriphClockCmd                   0x08000e29   Thumb Code    26  stm32f4xx_rcc.o(i.RCC_APB2PeriphClockCmd)
    RCC_GetClocksFreq                        0x08000e49   Thumb Code   214  stm32f4xx_rcc.o(i.RCC_GetClocksFreq)
    SPI_Cmd                                  0x08000f31   Thumb Code    24  stm32f4xx_spi.o(i.SPI_Cmd)
    SPI_I2S_GetFlagStatus                    0x08000f49   Thumb Code    18  stm32f4xx_spi.o(i.SPI_I2S_GetFlagStatus)
    SPI_I2S_ReceiveData                      0x08000f5b   Thumb Code     6  stm32f4xx_spi.o(i.SPI_I2S_ReceiveData)
    SPI_I2S_SendData                         0x08000f61   Thumb Code     4  stm32f4xx_spi.o(i.SPI_I2S_SendData)
    SPI_Init                                 0x08000f65   Thumb Code    60  stm32f4xx_spi.o(i.SPI_Init)
    SPI_SendByte                             0x08000fa1   Thumb Code    50  w5500_conf.o(i.SPI_SendByte)
    SVC_Handler                              0x08000fd9   Thumb Code     2  stm32f4xx_it.o(i.SVC_Handler)
    SysTick_CLKSourceConfig                  0x080010c9   Thumb Code    40  misc.o(i.SysTick_CLKSourceConfig)
    SysTick_Handler                          0x080010f1   Thumb Code     2  stm32f4xx_it.o(i.SysTick_Handler)
    SystemInit                               0x080010f5   Thumb Code    88  system_stm32f4xx.o(i.SystemInit)
    TIM2_IRQHandler                          0x0800115d   Thumb Code    78  timers.o(i.TIM2_IRQHandler)
    TIM_ClearITPendingBit                    0x080011bd   Thumb Code     6  stm32f4xx_tim.o(i.TIM_ClearITPendingBit)
    TIM_Cmd                                  0x080011c3   Thumb Code    24  stm32f4xx_tim.o(i.TIM_Cmd)
    TIM_GetITStatus                          0x080011db   Thumb Code    34  stm32f4xx_tim.o(i.TIM_GetITStatus)
    TIM_ITConfig                             0x080011fd   Thumb Code    18  stm32f4xx_tim.o(i.TIM_ITConfig)
    TIM_TimeBaseInit                         0x08001211   Thumb Code   104  stm32f4xx_tim.o(i.TIM_TimeBaseInit)
    Timer2_Init_Config                       0x08001295   Thumb Code    90  timers.o(i.Timer2_Init_Config)
    USART1_IRQHandler                        0x080012f1   Thumb Code   122  usart.o(i.USART1_IRQHandler)
    USART_Cmd                                0x08001379   Thumb Code    24  stm32f4xx_usart.o(i.USART_Cmd)
    USART_GetITStatus                        0x08001391   Thumb Code    84  stm32f4xx_usart.o(i.USART_GetITStatus)
    USART_ITConfig                           0x080013e5   Thumb Code    74  stm32f4xx_usart.o(i.USART_ITConfig)
    USART_Init                               0x08001431   Thumb Code   204  stm32f4xx_usart.o(i.USART_Init)
    USART_ReceiveData                        0x08001505   Thumb Code    10  stm32f4xx_usart.o(i.USART_ReceiveData)
    UsageFault_Handler                       0x0800150f   Thumb Code     4  stm32f4xx_it.o(i.UsageFault_Handler)
    _is_digit                                0x08001513   Thumb Code    14  __printf_wp.o(i._is_digit)
    _sys_exit                                0x08001521   Thumb Code     4  usart.o(i._sys_exit)
    check_DHCP_Timeout                       0x08001525   Thumb Code   110  dhcp.o(i.check_DHCP_Timeout)
    check_DHCP_state                         0x080015a9   Thumb Code   328  dhcp.o(i.check_DHCP_state)
    check_leasedIP                           0x08001711   Thumb Code    38  dhcp.o(i.check_leasedIP)
    close                                    0x08001751   Thumb Code    52  socket.o(i.close)
    delay_init                               0x08001785   Thumb Code    52  delay.o(i.delay_init)
    delay_ms                                 0x080017c1   Thumb Code    56  delay.o(i.delay_ms)
    delay_us                                 0x080017f9   Thumb Code    72  delay.o(i.delay_us)
    delay_xms                                0x08001845   Thumb Code    72  delay.o(i.delay_xms)
    disconnect                               0x08001891   Thumb Code    38  socket.o(i.disconnect)
    do_dhcp                                  0x080018b9   Thumb Code   130  dhcp.o(i.do_dhcp)
    do_https                                 0x080019d1   Thumb Code   222  httputil.o(i.do_https)
    do_netbios                               0x08001b21   Thumb Code   378  netbios.o(i.do_netbios)
    fputc                                    0x08001d85   Thumb Code    22  usart.o(i.fputc)
    getGAR                                   0x08001da1   Thumb Code    16  w5500.o(i.getGAR)
    getIINCHIP_TxMAX                         0x08001db1   Thumb Code    10  w5500.o(i.getIINCHIP_TxMAX)
    getSIPR                                  0x08001dc1   Thumb Code    18  w5500.o(i.getSIPR)
    getSUBR                                  0x08001dd3   Thumb Code    18  w5500.o(i.getSUBR)
    getSn_IR                                 0x08001de5   Thumb Code    18  w5500.o(i.getSn_IR)
    getSn_RX_RSR                             0x08001df7   Thumb Code    84  w5500.o(i.getSn_RX_RSR)
    getSn_SR                                 0x08001e4b   Thumb Code    18  w5500.o(i.getSn_SR)
    getSn_TX_FSR                             0x08001e5d   Thumb Code    84  w5500.o(i.getSn_TX_FSR)
    gpio_for_w5500_config                    0x08001eb1   Thumb Code   270  w5500_conf.o(i.gpio_for_w5500_config)
    htonl                                    0x08001fc9   Thumb Code    12  utility.o(i.htonl)
    htons                                    0x08001fd5   Thumb Code    12  utility.o(i.htons)
    iinchip_csoff                            0x08001fe1   Thumb Code    10  w5500_conf.o(i.iinchip_csoff)
    iinchip_cson                             0x08001feb   Thumb Code    10  w5500_conf.o(i.iinchip_cson)
    iinchip_init                             0x08001ff5   Thumb Code    10  w5500.o(i.iinchip_init)
    init_dhcp_client                         0x08002001   Thumb Code   104  dhcp.o(i.init_dhcp_client)
    listen                                   0x080020a9   Thumb Code    62  socket.o(i.listen)
    main                                     0x080020e9   Thumb Code   100  main.o(i.main)
    make_cgi_response                        0x0800222d   Thumb Code    34  httputil.o(i.make_cgi_response)
    make_http_response_head                  0x08002255   Thumb Code   108  http_server.o(i.make_http_response_head)
    mid                                      0x08002401   Thumb Code    68  utility.o(i.mid)
    ntohl                                    0x080024c3   Thumb Code    12  utility.o(i.ntohl)
    ntohs                                    0x080024cf   Thumb Code    12  utility.o(i.ntohs)
    p_all_init                               0x080024dd   Thumb Code    30  main.o(i.p_all_init)
    p_system_init                            0x0800251d   Thumb Code    34  main.o(i.p_system_init)
    parseDHCPMSG                             0x08002541   Thumb Code   326  dhcp.o(i.parseDHCPMSG)
    parse_http_request                       0x080026b1   Thumb Code   156  http_server.o(i.parse_http_request)
    proc_http                                0x08002779   Thumb Code   534  httputil.o(i.proc_http)
    recv                                     0x08002a41   Thumb Code    66  socket.o(i.recv)
    recv_data_processing                     0x08002a85   Thumb Code   116  w5500.o(i.recv_data_processing)
    recvfrom                                 0x08002b19   Thumb Code   486  socket.o(i.recvfrom)
    reset_DHCP_time                          0x08002d19   Thumb Code    28  dhcp.o(i.reset_DHCP_time)
    reset_w5500                              0x08002d45   Thumb Code    34  w5500_conf.o(i.reset_w5500)
    send                                     0x08002d6d   Thumb Code   216  socket.o(i.send)
    send_DHCP_DISCOVER                       0x08002e59   Thumb Code   680  dhcp.o(i.send_DHCP_DISCOVER)
    send_DHCP_RELEASE_DECLINE                0x0800312d   Thumb Code   648  dhcp.o(i.send_DHCP_RELEASE_DECLINE)
    send_DHCP_REQUEST                        0x080033c9   Thumb Code   956  dhcp.o(i.send_DHCP_REQUEST)
    send_data_processing                     0x080037b9   Thumb Code   116  w5500.o(i.send_data_processing)
    sendto                                   0x0800384d   Thumb Code   268  socket.o(i.sendto)
    setGAR                                   0x08003959   Thumb Code    16  w5500.o(i.setGAR)
    setMR                                    0x08003969   Thumb Code    14  w5500.o(i.setMR)
    setSHAR                                  0x08003977   Thumb Code    18  w5500.o(i.setSHAR)
    setSIPR                                  0x08003989   Thumb Code    18  w5500.o(i.setSIPR)
    setSUBR                                  0x0800399b   Thumb Code    18  w5500.o(i.setSUBR)
    setSn_IR                                 0x080039ad   Thumb Code    22  w5500.o(i.setSn_IR)
    set_w5500_ip                             0x080039c5   Thumb Code   250  w5500_conf.o(i.set_w5500_ip)
    set_w5500_mac                            0x08003bb5   Thumb Code    32  w5500_conf.o(i.set_w5500_mac)
    socket                                   0x08003be1   Thumb Code   192  socket.o(i.socket)
    socket_buf_init                          0x08003ca5   Thumb Code   128  w5500.o(i.socket_buf_init)
    swapl                                    0x08003d2d   Thumb Code    28  utility.o(i.swapl)
    swaps                                    0x08003d49   Thumb Code    14  utility.o(i.swaps)
    uart_init                                0x08003d59   Thumb Code   164  usart.o(i.uart_init)
    wiz_cs                                   0x08003e05   Thumb Code    30  w5500_conf.o(i.wiz_cs)
    wiz_read_buf                             0x08003e29   Thumb Code    78  w5500_conf.o(i.wiz_read_buf)
    wiz_write_buf                            0x08003e91   Thumb Code    80  w5500_conf.o(i.wiz_write_buf)
    _fp_init                                 0x08003ef9   Thumb Code    10  fpinit.o(x$fpl$fpinit)
    __fplib_config_fpu_vfp                   0x08003f01   Thumb Code     0  fpinit.o(x$fpl$fpinit)
    __fplib_config_pureend_doubles           0x08003f01   Thumb Code     0  fpinit.o(x$fpl$fpinit)
    Region$$Table$$Base                      0x080048e0   Number         0  anon$$obj.o(Region$$Table)
    Region$$Table$$Limit                     0x08004900   Number         0  anon$$obj.o(Region$$Table)
    Timer2_Counter                           0x20000000   Data           4  timers.o(.data)
    W5500_Send_Delay_Counter                 0x20000004   Data           4  timers.o(.data)
    ms                                       0x20000008   Data           4  timers.o(.data)
    dhcp_time                                0x2000000c   Data           4  timers.o(.data)
    ntptimer                                 0x20000010   Data           1  timers.o(.data)
    txsize                                   0x20000011   Data           8  w5500.o(.data)
    rxsize                                   0x20000019   Data           8  w5500.o(.data)
    ip_from                                  0x20000022   Data           1  w5500_conf.o(.data)
    mac                                      0x20000023   Data           6  w5500_conf.o(.data)
    local_ip                                 0x20000029   Data           4  w5500_conf.o(.data)
    subnet                                   0x2000002d   Data           4  w5500_conf.o(.data)
    gateway                                  0x20000031   Data           4  w5500_conf.o(.data)
    dns_server                               0x20000035   Data           4  w5500_conf.o(.data)
    local_port                               0x2000003a   Data           2  w5500_conf.o(.data)
    remote_ip                                0x2000003c   Data           4  w5500_conf.o(.data)
    remote_port                              0x20000040   Data           2  w5500_conf.o(.data)
    dhcp_ok                                  0x20000042   Data           1  w5500_conf.o(.data)
    date1                                    0x20000043   Data           1  w5500_conf.o(.data)
    __stdout                                 0x20000058   Data           4  usart.o(.data)
    USART_RX_STA                             0x2000005c   Data           2  usart.o(.data)
    SRC_MAC_ADDR                             0x20000060   Data           4  dhcp.o(.data)
    GET_SN_MASK                              0x20000064   Data           4  dhcp.o(.data)
    GET_GW_IP                                0x20000068   Data           4  dhcp.o(.data)
    GET_DNS_IP                               0x2000006c   Data           4  dhcp.o(.data)
    DHCP_HOST_NAME                           0x20000070   Data           4  dhcp.o(.data)
    GET_SIP                                  0x20000074   Data           4  dhcp.o(.data)
    DHCP_SIP                                 0x20000078   Data           4  dhcp.o(.data)
    DHCP_REAL_SIP                            0x2000007c   Data           4  dhcp.o(.data)
    OLD_SIP                                  0x20000080   Data           4  dhcp.o(.data)
    dhcp_state                               0x20000084   Data           1  dhcp.o(.data)
    dhcp_retry_count                         0x20000085   Data           1  dhcp.o(.data)
    DHCP_timeout                             0x20000086   Data           1  dhcp.o(.data)
    dhcp_lease_time                          0x20000088   Data           4  dhcp.o(.data)
    next_dhcp_time                           0x2000008c   Data           4  dhcp.o(.data)
    dhcp_tick_cnt                            0x20000090   Data           4  dhcp.o(.data)
    DHCP_timer                               0x20000094   Data           1  dhcp.o(.data)
    Conflict_flag                            0x20000095   Data           1  dhcp.o(.data)
    DHCP_XID                                 0x20000098   Data           4  dhcp.o(.data)
    pRIPMSG                                  0x2000009c   Data           4  dhcp.o(.data)
    dhcp_sign                                0x200000a0   Data           1  dhcp.o(.data)
    reboot_flag                              0x200000a1   Data           1  httputil.o(.data)
    tmp_buf                                  0x200000a2   Data        1460  httputil.o(.data)
    SSIZE                                    0x2000065c   Data          16  w5500.o(.bss)
    RSIZE                                    0x2000066c   Data          16  w5500.o(.bss)
    ConfigMsg                                0x2000067c   Data          28  w5500_conf.o(.bss)
    EEPROM_MSG                               0x20000698   Data          18  w5500_conf.o(.bss)
    buff                                     0x200006aa   Data        1024  w5500_conf.o(.bss)
    USART_RX_BUF                             0x20000aaa   Data         200  usart.o(.bss)
    netbios_rx_buf                           0x20000b72   Data         512  netbios.o(.bss)
    netbios_tx_buf                           0x20000d72   Data         512  netbios.o(.bss)
    DHCP_GET                                 0x20000f72   Data          22  dhcp.o(.bss)
    EXTERN_DHCPBUF                           0x20000f88   Data        1024  dhcp.o(.bss)
    tx_buf                                   0x20001388   Data        1460  http_server.o(.bss)
    rx_buf                                   0x2000193c   Data        1460  http_server.o(.bss)
    pub_buf                                  0x20001ef0   Data        1024  http_server.o(.bss)
    __libspace_start                         0x200022f0   Data          96  libspace.o(.bss)
    __temporary_stack_top$libspace           0x20002350   Data           0  libspace.o(.bss)



==============================================================================

Memory Map of the image

  Image Entry point : 0x08000189

  Load Region LR_IROM1 (Base: 0x08000000, Size: 0x00004f5c, Max: 0x00100000, ABSOLUTE, COMPRESSED[0x0000495c])

    Execution Region ER_IROM1 (Base: 0x08000000, Size: 0x00004900, Max: 0x00100000, ABSOLUTE)

    Base Addr    Size         Type   Attr      Idx    E Section Name        Object

    0x08000000   0x00000188   Data   RO          903    RESET               startup_stm32f40_41xxx.o
    0x08000188   0x00000008   Code   RO         6045  * !!!main             c_w.l(__main.o)
    0x08000190   0x00000034   Code   RO         6325    !!!scatter          c_w.l(__scatter.o)
    0x080001c4   0x0000005a   Code   RO         6323    !!dczerorl2         c_w.l(__dczerorl2.o)
    0x0800021e   0x00000002   PAD
    0x08000220   0x0000001c   Code   RO         6327    !!handler_zi        c_w.l(__scatter_zi.o)
    0x0800023c   0x00000000   Code   RO         6017    .ARM.Collect$$_printf_percent$$00000000  c_w.l(_printf_percent.o)
    0x0800023c   0x00000006   Code   RO         6016    .ARM.Collect$$_printf_percent$$00000009  c_w.l(_printf_d.o)
    0x08000242   0x00000006   Code   RO         6015    .ARM.Collect$$_printf_percent$$0000000C  c_w.l(_printf_x.o)
    0x08000248   0x00000006   Code   RO         6014    .ARM.Collect$$_printf_percent$$00000014  c_w.l(_printf_s.o)
    0x0800024e   0x00000004   Code   RO         6085    .ARM.Collect$$_printf_percent$$00000017  c_w.l(_printf_percent_end.o)
    0x08000252   0x00000002   Code   RO         6189    .ARM.Collect$$libinit$$00000000  c_w.l(libinit.o)
    0x08000254   0x00000004   Code   RO         6203    .ARM.Collect$$libinit$$00000001  c_w.l(libinit2.o)
    0x08000258   0x00000000   Code   RO         6206    .ARM.Collect$$libinit$$00000004  c_w.l(libinit2.o)
    0x08000258   0x00000000   Code   RO         6209    .ARM.Collect$$libinit$$0000000A  c_w.l(libinit2.o)
    0x08000258   0x00000000   Code   RO         6211    .ARM.Collect$$libinit$$0000000C  c_w.l(libinit2.o)
    0x08000258   0x00000000   Code   RO         6213    .ARM.Collect$$libinit$$0000000E  c_w.l(libinit2.o)
    0x08000258   0x00000000   Code   RO         6216    .ARM.Collect$$libinit$$00000011  c_w.l(libinit2.o)
    0x08000258   0x00000000   Code   RO         6218    .ARM.Collect$$libinit$$00000013  c_w.l(libinit2.o)
    0x08000258   0x00000000   Code   RO         6220    .ARM.Collect$$libinit$$00000015  c_w.l(libinit2.o)
    0x08000258   0x00000000   Code   RO         6222    .ARM.Collect$$libinit$$00000017  c_w.l(libinit2.o)
    0x08000258   0x00000000   Code   RO         6224    .ARM.Collect$$libinit$$00000019  c_w.l(libinit2.o)
    0x08000258   0x00000000   Code   RO         6226    .ARM.Collect$$libinit$$0000001B  c_w.l(libinit2.o)
    0x08000258   0x00000000   Code   RO         6228    .ARM.Collect$$libinit$$0000001D  c_w.l(libinit2.o)
    0x08000258   0x00000000   Code   RO         6230    .ARM.Collect$$libinit$$0000001F  c_w.l(libinit2.o)
    0x08000258   0x00000000   Code   RO         6232    .ARM.Collect$$libinit$$00000021  c_w.l(libinit2.o)
    0x08000258   0x00000000   Code   RO         6234    .ARM.Collect$$libinit$$00000023  c_w.l(libinit2.o)
    0x08000258   0x00000000   Code   RO         6236    .ARM.Collect$$libinit$$00000025  c_w.l(libinit2.o)
    0x08000258   0x00000000   Code   RO         6240    .ARM.Collect$$libinit$$0000002C  c_w.l(libinit2.o)
    0x08000258   0x00000000   Code   RO         6242    .ARM.Collect$$libinit$$0000002E  c_w.l(libinit2.o)
    0x08000258   0x00000000   Code   RO         6244    .ARM.Collect$$libinit$$00000030  c_w.l(libinit2.o)
    0x08000258   0x00000000   Code   RO         6246    .ARM.Collect$$libinit$$00000032  c_w.l(libinit2.o)
    0x08000258   0x00000002   Code   RO         6247    .ARM.Collect$$libinit$$00000033  c_w.l(libinit2.o)
    0x0800025a   0x00000002   Code   RO         6265    .ARM.Collect$$libshutdown$$00000000  c_w.l(libshutdown.o)
    0x0800025c   0x00000000   Code   RO         6275    .ARM.Collect$$libshutdown$$00000002  c_w.l(libshutdown2.o)
    0x0800025c   0x00000000   Code   RO         6277    .ARM.Collect$$libshutdown$$00000004  c_w.l(libshutdown2.o)
    0x0800025c   0x00000000   Code   RO         6280    .ARM.Collect$$libshutdown$$00000007  c_w.l(libshutdown2.o)
    0x0800025c   0x00000000   Code   RO         6283    .ARM.Collect$$libshutdown$$0000000A  c_w.l(libshutdown2.o)
    0x0800025c   0x00000000   Code   RO         6285    .ARM.Collect$$libshutdown$$0000000C  c_w.l(libshutdown2.o)
    0x0800025c   0x00000000   Code   RO         6288    .ARM.Collect$$libshutdown$$0000000F  c_w.l(libshutdown2.o)
    0x0800025c   0x00000002   Code   RO         6289    .ARM.Collect$$libshutdown$$00000010  c_w.l(libshutdown2.o)
    0x0800025e   0x00000000   Code   RO         6049    .ARM.Collect$$rtentry$$00000000  c_w.l(__rtentry.o)
    0x0800025e   0x00000000   Code   RO         6108    .ARM.Collect$$rtentry$$00000002  c_w.l(__rtentry2.o)
    0x0800025e   0x00000006   Code   RO         6120    .ARM.Collect$$rtentry$$00000004  c_w.l(__rtentry4.o)
    0x08000264   0x00000000   Code   RO         6110    .ARM.Collect$$rtentry$$00000009  c_w.l(__rtentry2.o)
    0x08000264   0x00000004   Code   RO         6111    .ARM.Collect$$rtentry$$0000000A  c_w.l(__rtentry2.o)
    0x08000268   0x00000000   Code   RO         6113    .ARM.Collect$$rtentry$$0000000C  c_w.l(__rtentry2.o)
    0x08000268   0x00000008   Code   RO         6114    .ARM.Collect$$rtentry$$0000000D  c_w.l(__rtentry2.o)
    0x08000270   0x00000002   Code   RO         6198    .ARM.Collect$$rtexit$$00000000  c_w.l(rtexit.o)
    0x08000272   0x00000000   Code   RO         6249    .ARM.Collect$$rtexit$$00000002  c_w.l(rtexit2.o)
    0x08000272   0x00000004   Code   RO         6250    .ARM.Collect$$rtexit$$00000003  c_w.l(rtexit2.o)
    0x08000276   0x00000006   Code   RO         6251    .ARM.Collect$$rtexit$$00000004  c_w.l(rtexit2.o)
    0x0800027c   0x00000040   Code   RO          904    .text               startup_stm32f40_41xxx.o
    0x080002bc   0x00000002   Code   RO         5953    .text               c_w.l(use_no_semi_2.o)
    0x080002be   0x00000002   PAD
    0x080002c0   0x00000018   Code   RO         5957    .text               c_w.l(__2printf.o)
    0x080002d8   0x0000002c   Code   RO         5959    .text               c_w.l(__2sprintf.o)
    0x08000304   0x0000004e   Code   RO         5967    .text               c_w.l(_printf_pad.o)
    0x08000352   0x00000052   Code   RO         5969    .text               c_w.l(_printf_str.o)
    0x080003a4   0x00000078   Code   RO         5971    .text               c_w.l(_printf_dec.o)
    0x0800041c   0x00000094   Code   RO         5991    .text               c_w.l(_printf_hex_int_ll_ptr.o)
    0x080004b0   0x00000188   Code   RO         6011    .text               c_w.l(__printf_flags_ss_wp.o)
    0x08000638   0x0000000c   Code   RO         6018    .text               c_w.l(strtok.o)
    0x08000644   0x00000024   Code   RO         6021    .text               c_w.l(strstr.o)
    0x08000668   0x00000058   Code   RO         6023    .text               c_w.l(memcmp.o)
    0x080006c0   0x00000048   Code   RO         6025    .text               c_w.l(strcpy.o)
    0x08000708   0x0000003e   Code   RO         6027    .text               c_w.l(strlen.o)
    0x08000746   0x00000018   Code   RO         6029    .text               c_w.l(strcat.o)
    0x0800075e   0x0000008a   Code   RO         6031    .text               c_w.l(rt_memcpy_v6.o)
    0x080007e8   0x00000010   Code   RO         6033    .text               c_w.l(aeabi_memset.o)
    0x080007f8   0x00000044   Code   RO         6035    .text               c_w.l(rt_memclr.o)
    0x0800083c   0x0000004e   Code   RO         6037    .text               c_w.l(rt_memclr_w.o)
    0x0800088a   0x00000056   Code   RO         6039    .text               c_w.l(strncpy.o)
    0x080008e0   0x00000080   Code   RO         6041    .text               c_w.l(strcmpv7m.o)
    0x08000960   0x00000006   Code   RO         6043    .text               c_w.l(heapauxi.o)
    0x08000966   0x00000002   Code   RO         6047    .text               c_w.l(use_no_semi.o)
    0x08000968   0x000000b2   Code   RO         6052    .text               c_w.l(_printf_intcommon.o)
    0x08000a1a   0x00000002   PAD
    0x08000a1c   0x00000030   Code   RO         6056    .text               c_w.l(_printf_char_common.o)
    0x08000a4c   0x0000000a   Code   RO         6058    .text               c_w.l(_sputc.o)
    0x08000a56   0x0000002c   Code   RO         6060    .text               c_w.l(_printf_char.o)
    0x08000a82   0x00000002   PAD
    0x08000a84   0x00000024   Code   RO         6062    .text               c_w.l(_printf_char_file.o)
    0x08000aa8   0x00000044   Code   RO         6095    .text               c_w.l(strtok_int.o)
    0x08000aec   0x00000064   Code   RO         6097    .text               c_w.l(rt_memcpy_w.o)
    0x08000b50   0x00000008   Code   RO         6133    .text               c_w.l(ferror.o)
    0x08000b58   0x00000020   Code   RO         6139    .text               c_w.l(strcspn.o)
    0x08000b78   0x0000001c   Code   RO         6141    .text               c_w.l(strspn.o)
    0x08000b94   0x0000004a   Code   RO         6143    .text               c_w.l(sys_stackheap_outer.o)
    0x08000bde   0x00000012   Code   RO         6182    .text               c_w.l(exit.o)
    0x08000bf0   0x00000008   Code   RO         6195    .text               c_w.l(libspace.o)
    0x08000bf8   0x00000004   Code   RO          196    i.BusFault_Handler  stm32f4xx_it.o
    0x08000bfc   0x00000002   Code   RO          197    i.DebugMon_Handler  stm32f4xx_it.o
    0x08000bfe   0x00000090   Code   RO         2633    i.GPIO_Init         stm32f4xx_gpio.o
    0x08000c8e   0x00000046   Code   RO         2634    i.GPIO_PinAFConfig  stm32f4xx_gpio.o
    0x08000cd4   0x00000004   Code   RO         2640    i.GPIO_ResetBits    stm32f4xx_gpio.o
    0x08000cd8   0x00000004   Code   RO         2641    i.GPIO_SetBits      stm32f4xx_gpio.o
    0x08000cdc   0x00000004   Code   RO          198    i.HardFault_Handler  stm32f4xx_it.o
    0x08000ce0   0x00000032   Code   RO          763    i.IINCHIP_READ      w5500_conf.o
    0x08000d12   0x0000000c   Code   RO          764    i.IINCHIP_SpiSendData  w5500_conf.o
    0x08000d1e   0x00000032   Code   RO          765    i.IINCHIP_WRITE     w5500_conf.o
    0x08000d50   0x00000004   Code   RO          199    i.MemManage_Handler  stm32f4xx_it.o
    0x08000d54   0x00000002   Code   RO          200    i.NMI_Handler       stm32f4xx_it.o
    0x08000d56   0x00000002   PAD
    0x08000d58   0x00000078   Code   RO          910    i.NVIC_Init         misc.o
    0x08000dd0   0x00000014   Code   RO          911    i.NVIC_PriorityGroupConfig  misc.o
    0x08000de4   0x00000002   Code   RO          201    i.PendSV_Handler    stm32f4xx_it.o
    0x08000de6   0x00000002   PAD
    0x08000de8   0x00000020   Code   RO         3497    i.RCC_AHB1PeriphClockCmd  stm32f4xx_rcc.o
    0x08000e08   0x00000020   Code   RO         3506    i.RCC_APB1PeriphClockCmd  stm32f4xx_rcc.o
    0x08000e28   0x00000020   Code   RO         3509    i.RCC_APB2PeriphClockCmd  stm32f4xx_rcc.o
    0x08000e48   0x000000e8   Code   RO         3518    i.RCC_GetClocksFreq  stm32f4xx_rcc.o
    0x08000f30   0x00000018   Code   RO         4614    i.SPI_Cmd           stm32f4xx_spi.o
    0x08000f48   0x00000012   Code   RO         4622    i.SPI_I2S_GetFlagStatus  stm32f4xx_spi.o
    0x08000f5a   0x00000006   Code   RO         4625    i.SPI_I2S_ReceiveData  stm32f4xx_spi.o
    0x08000f60   0x00000004   Code   RO         4626    i.SPI_I2S_SendData  stm32f4xx_spi.o
    0x08000f64   0x0000003c   Code   RO         4627    i.SPI_Init          stm32f4xx_spi.o
    0x08000fa0   0x00000038   Code   RO          766    i.SPI_SendByte      w5500_conf.o
    0x08000fd8   0x00000002   Code   RO          202    i.SVC_Handler       stm32f4xx_it.o
    0x08000fda   0x00000002   PAD
    0x08000fdc   0x000000ec   Code   RO          293    i.SetSysClock       system_stm32f4xx.o
    0x080010c8   0x00000028   Code   RO          914    i.SysTick_CLKSourceConfig  misc.o
    0x080010f0   0x00000002   Code   RO          203    i.SysTick_Handler   stm32f4xx_it.o
    0x080010f2   0x00000002   PAD
    0x080010f4   0x00000068   Code   RO          295    i.SystemInit        system_stm32f4xx.o
    0x0800115c   0x00000060   Code   RO          410    i.TIM2_IRQHandler   timers.o
    0x080011bc   0x00000006   Code   RO         4839    i.TIM_ClearITPendingBit  stm32f4xx_tim.o
    0x080011c2   0x00000018   Code   RO         4844    i.TIM_Cmd           stm32f4xx_tim.o
    0x080011da   0x00000022   Code   RO         4865    i.TIM_GetITStatus   stm32f4xx_tim.o
    0x080011fc   0x00000012   Code   RO         4869    i.TIM_ITConfig      stm32f4xx_tim.o
    0x0800120e   0x00000002   PAD
    0x08001210   0x00000084   Code   RO         4916    i.TIM_TimeBaseInit  stm32f4xx_tim.o
    0x08001294   0x0000005a   Code   RO          411    i.Timer2_Init_Config  timers.o
    0x080012ee   0x00000002   PAD
    0x080012f0   0x00000088   Code   RO         5640    i.USART1_IRQHandler  usart.o
    0x08001378   0x00000018   Code   RO         5394    i.USART_Cmd         stm32f4xx_usart.o
    0x08001390   0x00000054   Code   RO         5398    i.USART_GetITStatus  stm32f4xx_usart.o
    0x080013e4   0x0000004a   Code   RO         5400    i.USART_ITConfig    stm32f4xx_usart.o
    0x0800142e   0x00000002   PAD
    0x08001430   0x000000d4   Code   RO         5401    i.USART_Init        stm32f4xx_usart.o
    0x08001504   0x0000000a   Code   RO         5408    i.USART_ReceiveData  stm32f4xx_usart.o
    0x0800150e   0x00000004   Code   RO          204    i.UsageFault_Handler  stm32f4xx_it.o
    0x08001512   0x0000000e   Code   RO         6004    i._is_digit         c_w.l(__printf_wp.o)
    0x08001520   0x00000004   Code   RO         5644    i._sys_exit         usart.o
    0x08001524   0x00000084   Code   RO         5761    i.check_DHCP_Timeout  dhcp.o
    0x080015a8   0x00000168   Code   RO         5762    i.check_DHCP_state  dhcp.o
    0x08001710   0x00000040   Code   RO         5763    i.check_leasedIP    dhcp.o
    0x08001750   0x00000034   Code   RO          330    i.close             socket.o
    0x08001784   0x0000003c   Code   RO          863    i.delay_init        delay.o
    0x080017c0   0x00000038   Code   RO          864    i.delay_ms          delay.o
    0x080017f8   0x0000004c   Code   RO          865    i.delay_us          delay.o
    0x08001844   0x0000004c   Code   RO          866    i.delay_xms         delay.o
    0x08001890   0x00000026   Code   RO          332    i.disconnect        socket.o
    0x080018b6   0x00000002   PAD
    0x080018b8   0x00000118   Code   RO         5764    i.do_dhcp           dhcp.o
    0x080019d0   0x00000150   Code   RO         5903    i.do_https          httputil.o
    0x08001b20   0x00000264   Code   RO         5725    i.do_netbios        netbios.o
    0x08001d84   0x0000001c   Code   RO         5645    i.fputc             usart.o
    0x08001da0   0x00000010   Code   RO          587    i.getGAR            w5500.o
    0x08001db0   0x00000010   Code   RO          589    i.getIINCHIP_TxMAX  w5500.o
    0x08001dc0   0x00000012   Code   RO          592    i.getSIPR           w5500.o
    0x08001dd2   0x00000012   Code   RO          593    i.getSUBR           w5500.o
    0x08001de4   0x00000012   Code   RO          594    i.getSn_IR          w5500.o
    0x08001df6   0x00000054   Code   RO          595    i.getSn_RX_RSR      w5500.o
    0x08001e4a   0x00000012   Code   RO          596    i.getSn_SR          w5500.o
    0x08001e5c   0x00000054   Code   RO          597    i.getSn_TX_FSR      w5500.o
    0x08001eb0   0x00000118   Code   RO          767    i.gpio_for_w5500_config  w5500_conf.o
    0x08001fc8   0x0000000c   Code   RO          449    i.htonl             utility.o
    0x08001fd4   0x0000000c   Code   RO          450    i.htons             utility.o
    0x08001fe0   0x0000000a   Code   RO          768    i.iinchip_csoff     w5500_conf.o
    0x08001fea   0x0000000a   Code   RO          769    i.iinchip_cson      w5500_conf.o
    0x08001ff4   0x0000000a   Code   RO          598    i.iinchip_init      w5500.o
    0x08001ffe   0x00000002   PAD
    0x08002000   0x000000a8   Code   RO         5765    i.init_dhcp_client  dhcp.o
    0x080020a8   0x0000003e   Code   RO          333    i.listen            socket.o
    0x080020e6   0x00000002   PAD
    0x080020e8   0x000000b8   Code   RO            3    i.main              main.o
    0x080021a0   0x0000008c   Code   RO         5904    i.make_basic_config_setting_json_callback  httputil.o
    0x0800222c   0x00000028   Code   RO         5905    i.make_cgi_response  httputil.o
    0x08002254   0x000001ac   Code   RO         5850    i.make_http_response_head  http_server.o
    0x08002400   0x00000044   Code   RO          455    i.mid               utility.o
    0x08002444   0x0000007e   Code   RO         5726    i.netbios_name_decoding  netbios.o
    0x080024c2   0x0000000c   Code   RO          456    i.ntohl             utility.o
    0x080024ce   0x0000000c   Code   RO          457    i.ntohs             utility.o
    0x080024da   0x00000002   PAD
    0x080024dc   0x00000040   Code   RO            4    i.p_all_init        main.o
    0x0800251c   0x00000022   Code   RO            5    i.p_system_init     main.o
    0x0800253e   0x00000002   PAD
    0x08002540   0x00000170   Code   RO         5766    i.parseDHCPMSG      dhcp.o
    0x080026b0   0x000000c8   Code   RO         5851    i.parse_http_request  http_server.o
    0x08002778   0x000002c8   Code   RO         5906    i.proc_http         httputil.o
    0x08002a40   0x00000042   Code   RO          334    i.recv              socket.o
    0x08002a82   0x00000002   PAD
    0x08002a84   0x00000094   Code   RO          599    i.recv_data_processing  w5500.o
    0x08002b18   0x00000200   Code   RO          335    i.recvfrom          socket.o
    0x08002d18   0x0000002c   Code   RO         5767    i.reset_DHCP_time   dhcp.o
    0x08002d44   0x00000028   Code   RO          770    i.reset_w5500       w5500_conf.o
    0x08002d6c   0x000000ec   Code   RO          336    i.send              socket.o
    0x08002e58   0x000002d4   Code   RO         5768    i.send_DHCP_DISCOVER  dhcp.o
    0x0800312c   0x0000029c   Code   RO         5769    i.send_DHCP_RELEASE_DECLINE  dhcp.o
    0x080033c8   0x000003f0   Code   RO         5770    i.send_DHCP_REQUEST  dhcp.o
    0x080037b8   0x00000094   Code   RO          600    i.send_data_processing  w5500.o
    0x0800384c   0x0000010c   Code   RO          337    i.sendto            socket.o
    0x08003958   0x00000010   Code   RO          601    i.setGAR            w5500.o
    0x08003968   0x0000000e   Code   RO          602    i.setMR             w5500.o
    0x08003976   0x00000012   Code   RO          605    i.setSHAR           w5500.o
    0x08003988   0x00000012   Code   RO          606    i.setSIPR           w5500.o
    0x0800399a   0x00000012   Code   RO          607    i.setSUBR           w5500.o
    0x080039ac   0x00000016   Code   RO          608    i.setSn_IR          w5500.o
    0x080039c2   0x00000002   PAD
    0x080039c4   0x000001f0   Code   RO          771    i.set_w5500_ip      w5500_conf.o
    0x08003bb4   0x0000002c   Code   RO          772    i.set_w5500_mac     w5500_conf.o
    0x08003be0   0x000000c4   Code   RO          338    i.socket            socket.o
    0x08003ca4   0x00000088   Code   RO          611    i.socket_buf_init   w5500.o
    0x08003d2c   0x0000001c   Code   RO          459    i.swapl             utility.o
    0x08003d48   0x0000000e   Code   RO          460    i.swaps             utility.o
    0x08003d56   0x00000002   PAD
    0x08003d58   0x000000ac   Code   RO         5646    i.uart_init         usart.o
    0x08003e04   0x00000024   Code   RO          773    i.wiz_cs            w5500_conf.o
    0x08003e28   0x00000068   Code   RO          774    i.wiz_read_buf      w5500_conf.o
    0x08003e90   0x00000068   Code   RO          775    i.wiz_write_buf     w5500_conf.o
    0x08003ef8   0x0000000a   Code   RO         6257    x$fpl$fpinit        fz_wm.l(fpinit.o)
    0x08003f02   0x00000002   PAD
    0x08003f04   0x00000076   Data   RO         5908    .constdata          httputil.o
    0x08003f7a   0x00000028   Data   RO         5992    .constdata          c_w.l(_printf_hex_int_ll_ptr.o)
    0x08003fa2   0x00000011   Data   RO         6012    .constdata          c_w.l(__printf_flags_ss_wp.o)
    0x08003fb3   0x00000001   PAD
    0x08003fb4   0x00000005   Data   RO         5772    .conststring        dhcp.o
    0x08003fb9   0x00000003   PAD
    0x08003fbc   0x00000093   Data   RO         5854    .conststring        http_server.o
    0x0800404f   0x00000001   PAD
    0x08004050   0x0000088e   Data   RO         5909    .conststring        httputil.o
    0x080048de   0x00000002   PAD
    0x080048e0   0x00000020   Data   RO         6321    Region$$Table       anon$$obj.o


    Execution Region RW_IRAM1 (Base: 0x20000000, Size: 0x00002950, Max: 0x00020000, ABSOLUTE, COMPRESSED[0x0000005c])

    Base Addr    Size         Type   Attr      Idx    E Section Name        Object

    0x20000000   0x00000011   Data   RW          412    .data               timers.o
    0x20000011   0x00000010   Data   RW          613    .data               w5500.o
    0x20000021   0x00000001   PAD
    0x20000022   0x00000022   Data   RW          777    .data               w5500_conf.o
    0x20000044   0x00000004   Data   RW          867    .data               delay.o
    0x20000048   0x00000010   Data   RW         3550    .data               stm32f4xx_rcc.o
    0x20000058   0x00000006   Data   RW         5648    .data               usart.o
    0x2000005e   0x00000002   PAD
    0x20000060   0x00000041   Data   RW         5773    .data               dhcp.o
    0x200000a1   0x000005b5   Data   RW         5910    .data               httputil.o
    0x20000656   0x00000002   PAD
    0x20000658   0x00000004   Data   RW         6019    .data               c_w.l(strtok.o)
    0x2000065c   0x00000020   Zero   RW          612    .bss                w5500.o
    0x2000067c   0x0000042e   Zero   RW          776    .bss                w5500_conf.o
    0x20000aaa   0x000000c8   Zero   RW         5647    .bss                usart.o
    0x20000b72   0x00000400   Zero   RW         5727    .bss                netbios.o
    0x20000f72   0x00000416   Zero   RW         5771    .bss                dhcp.o
    0x20001388   0x00000f68   Zero   RW         5853    .bss                http_server.o
    0x200022f0   0x00000060   Zero   RW         6196    .bss                c_w.l(libspace.o)
    0x20002350   0x00000200   Zero   RW          902    HEAP                startup_stm32f40_41xxx.o
    0x20002550   0x00000400   Zero   RW          901    STACK               startup_stm32f40_41xxx.o


==============================================================================

Image component sizes


      Code (inc. data)   RO Data    RW Data    ZI Data      Debug   Object Name

       268         16          0          4          0       2671   delay.o
      3816        474          5         65       1046      11968   dhcp.o
       628        364        147          0       3944       4602   http_server.o
      1228        302       2308       1461          0       4138   httputil.o
       282        118          0          0          0     292344   main.o
       180         24          0          0          0       2241   misc.o
       738        234          0          0       1024       3977   netbios.o
      1430         50          0          0          0       9343   socket.o
        64         26        392          0       1536        864   startup_stm32f40_41xxx.o
       222          0          0          0          0       3083   stm32f4xx_gpio.o
        26          0          0          0          0       4442   stm32f4xx_it.o
       328         36          0         16          0       4871   stm32f4xx_rcc.o
       112          0          0          0          0       3742   stm32f4xx_spi.o
       214         28          0          0          0       3918   stm32f4xx_tim.o
       404          8          0          0          0       4502   stm32f4xx_usart.o
       340         32          0          0          0       1597   system_stm32f4xx.o
       186         18          0         17          0       1659   timers.o
       340         28          0          6        200       4448   usart.o
       158          0          0          0          0       4906   utility.o
       820         78          0         16         32      11861   w5500.o
      1292        336          0         34       1070      11327   w5500_conf.o

    ----------------------------------------------------------------------
     13106       2172       2890       1624       8852     392504   Object Totals
         0          0         32          0          0          0   (incl. Generated)
        30          0          6          5          0          0   (incl. Padding)

    ----------------------------------------------------------------------

      Code (inc. data)   RO Data    RW Data    ZI Data      Debug   Library Member Name

        24          4          0          0          0         84   __2printf.o
        44          6          0          0          0         84   __2sprintf.o
        90          0          0          0          0          0   __dczerorl2.o
         8          0          0          0          0         68   __main.o
       392          4         17          0          0         92   __printf_flags_ss_wp.o
        14          0          0          0          0         68   __printf_wp.o
         0          0          0          0          0          0   __rtentry.o
        12          0          0          0          0          0   __rtentry2.o
         6          0          0          0          0          0   __rtentry4.o
        52          8          0          0          0          0   __scatter.o
        28          0          0          0          0          0   __scatter_zi.o
        44          0          0          0          0        108   _printf_char.o
        48          6          0          0          0         96   _printf_char_common.o
        36          4          0          0          0         80   _printf_char_file.o
         6          0          0          0          0          0   _printf_d.o
       120         16          0          0          0         92   _printf_dec.o
       148          4         40          0          0        160   _printf_hex_int_ll_ptr.o
       178          0          0          0          0         88   _printf_intcommon.o
        78          0          0          0          0        108   _printf_pad.o
         0          0          0          0          0          0   _printf_percent.o
         4          0          0          0          0          0   _printf_percent_end.o
         6          0          0          0          0          0   _printf_s.o
        82          0          0          0          0         80   _printf_str.o
         6          0          0          0          0          0   _printf_x.o
        10          0          0          0          0         68   _sputc.o
        16          0          0          0          0         68   aeabi_memset.o
        18          0          0          0          0         80   exit.o
         8          0          0          0          0         68   ferror.o
         6          0          0          0          0        152   heapauxi.o
         2          0          0          0          0          0   libinit.o
         6          0          0          0          0          0   libinit2.o
         2          0          0          0          0          0   libshutdown.o
         2          0          0          0          0          0   libshutdown2.o
         8          4          0          0         96         68   libspace.o
        88          0          0          0          0         76   memcmp.o
        68          0          0          0          0         68   rt_memclr.o
        78          0          0          0          0         80   rt_memclr_w.o
       138          0          0          0          0         68   rt_memcpy_v6.o
       100          0          0          0          0         80   rt_memcpy_w.o
         2          0          0          0          0          0   rtexit.o
        10          0          0          0          0          0   rtexit2.o
        24          0          0          0          0         68   strcat.o
       128          0          0          0          0         68   strcmpv7m.o
        72          0          0          0          0         80   strcpy.o
        32          0          0          0          0         80   strcspn.o
        62          0          0          0          0         76   strlen.o
        86          0          0          0          0         76   strncpy.o
        28          0          0          0          0         80   strspn.o
        36          0          0          0          0         80   strstr.o
        12          6          0          4          0         68   strtok.o
        68          4          0          0          0         84   strtok_int.o
        74          0          0          0          0         80   sys_stackheap_outer.o
         2          0          0          0          0         68   use_no_semi.o
         2          0          0          0          0         68   use_no_semi_2.o
        10          0          0          0          0        116   fpinit.o

    ----------------------------------------------------------------------
      2634         66         58          4         96       3176   Library Totals
        10          0          1          0          0          0   (incl. Padding)

    ----------------------------------------------------------------------

      Code (inc. data)   RO Data    RW Data    ZI Data      Debug   Library Name

      2614         66         57          4         96       3060   c_w.l
        10          0          0          0          0        116   fz_wm.l

    ----------------------------------------------------------------------
      2634         66         58          4         96       3176   Library Totals

    ----------------------------------------------------------------------

==============================================================================


      Code (inc. data)   RO Data    RW Data    ZI Data      Debug   

     15740       2238       2948       1628       8948     383164   Grand Totals
     15740       2238       2948         92       8948     383164   ELF Image Totals (compressed)
     15740       2238       2948         92          0          0   ROM Totals

==============================================================================

    Total RO  Size (Code + RO Data)                18688 (  18.25kB)
    Total RW  Size (RW Data + ZI Data)             10576 (  10.33kB)
    Total ROM Size (Code + RO Data + RW Data)      18780 (  18.34kB)

==============================================================================

